Archive member included because of file (symbol)

/usr/local/bin/gcc-arm-none-eabi/bin/../lib/gcc/arm-none-eabi/4.7.4/armv7e-m/fpu/libgcc.a(_arm_addsubdf3.o)
                              obj/arm_std_q15.o (__aeabi_ui2d)
/usr/local/bin/gcc-arm-none-eabi/bin/../lib/gcc/arm-none-eabi/4.7.4/armv7e-m/fpu/libgcc.a(_arm_muldivdf3.o)
                              obj/arm_std_q15.o (__aeabi_ddiv)
/usr/local/bin/gcc-arm-none-eabi/bin/../lib/gcc/arm-none-eabi/4.7.4/armv7e-m/fpu/libgcc.a(_arm_fixdfsi.o)
                              obj/arm_std_q15.o (__aeabi_d2iz)
/usr/local/bin/gcc-arm-none-eabi/bin/../lib/gcc/arm-none-eabi/4.7.4/armv7e-m/fpu/libgcc.a(_aeabi_ldivmod.o)
                              obj/arm_mean_q31.o (__aeabi_ldivmod)
/usr/local/bin/gcc-arm-none-eabi/bin/../lib/gcc/arm-none-eabi/4.7.4/armv7e-m/fpu/libgcc.a(_fixsfdi.o)
                              obj/arm_float_to_q31.o (__aeabi_f2lz)
/usr/local/bin/gcc-arm-none-eabi/bin/../lib/gcc/arm-none-eabi/4.7.4/armv7e-m/fpu/libgcc.a(_fixunssfdi.o)
                              /usr/local/bin/gcc-arm-none-eabi/bin/../lib/gcc/arm-none-eabi/4.7.4/armv7e-m/fpu/libgcc.a(_fixsfdi.o) (__aeabi_f2ulz)
/usr/local/bin/gcc-arm-none-eabi/bin/../lib/gcc/arm-none-eabi/4.7.4/armv7e-m/fpu/libgcc.a(bpabi.o)
                              /usr/local/bin/gcc-arm-none-eabi/bin/../lib/gcc/arm-none-eabi/4.7.4/armv7e-m/fpu/libgcc.a(_aeabi_ldivmod.o) (__gnu_ldivmod_helper)
/usr/local/bin/gcc-arm-none-eabi/bin/../lib/gcc/arm-none-eabi/4.7.4/armv7e-m/fpu/libgcc.a(_dvmd_tls.o)
                              /usr/local/bin/gcc-arm-none-eabi/bin/../lib/gcc/arm-none-eabi/4.7.4/armv7e-m/fpu/libgcc.a(_aeabi_ldivmod.o) (__aeabi_ldiv0)
/usr/local/bin/gcc-arm-none-eabi/bin/../lib/gcc/arm-none-eabi/4.7.4/armv7e-m/fpu/libgcc.a(_arm_fixunsdfsi.o)
                              /usr/local/bin/gcc-arm-none-eabi/bin/../lib/gcc/arm-none-eabi/4.7.4/armv7e-m/fpu/libgcc.a(_fixunssfdi.o) (__aeabi_d2uiz)
/usr/local/bin/gcc-arm-none-eabi/bin/../lib/gcc/arm-none-eabi/4.7.4/armv7e-m/fpu/libgcc.a(_divdi3.o)
                              /usr/local/bin/gcc-arm-none-eabi/bin/../lib/gcc/arm-none-eabi/4.7.4/armv7e-m/fpu/libgcc.a(bpabi.o) (__divdi3)
/usr/local/bin/gcc-arm-none-eabi/bin/../lib/gcc/arm-none-eabi/4.7.4/armv7e-m/fpu/libgcc.a(_udivdi3.o)
                              /usr/local/bin/gcc-arm-none-eabi/bin/../lib/gcc/arm-none-eabi/4.7.4/armv7e-m/fpu/libgcc.a(bpabi.o) (__udivdi3)
/usr/local/bin/gcc-arm-none-eabi/bin/../lib/gcc/arm-none-eabi/4.7.4/../../../../arm-none-eabi/lib/armv7e-m/fpu/libc_s.a(lib_a-__atexit2.o)
                              /usr/local/bin/gcc-arm-none-eabi/bin/../lib/gcc/arm-none-eabi/4.7.4/../../../../arm-none-eabi/lib/armv7e-m/fpu/crt0.o (__register_exitproc)
/usr/local/bin/gcc-arm-none-eabi/bin/../lib/gcc/arm-none-eabi/4.7.4/../../../../arm-none-eabi/lib/armv7e-m/fpu/libc_s.a(lib_a-exit.o)
                              /usr/local/bin/gcc-arm-none-eabi/bin/../lib/gcc/arm-none-eabi/4.7.4/../../../../arm-none-eabi/lib/armv7e-m/fpu/crt0.o (exit)
/usr/local/bin/gcc-arm-none-eabi/bin/../lib/gcc/arm-none-eabi/4.7.4/../../../../arm-none-eabi/lib/armv7e-m/fpu/libc_s.a(lib_a-fini.o)
                              /usr/local/bin/gcc-arm-none-eabi/bin/../lib/gcc/arm-none-eabi/4.7.4/../../../../arm-none-eabi/lib/armv7e-m/fpu/crt0.o (__libc_fini_array)
/usr/local/bin/gcc-arm-none-eabi/bin/../lib/gcc/arm-none-eabi/4.7.4/../../../../arm-none-eabi/lib/armv7e-m/fpu/libc_s.a(lib_a-impure.o)
                              /usr/local/bin/gcc-arm-none-eabi/bin/../lib/gcc/arm-none-eabi/4.7.4/../../../../arm-none-eabi/lib/armv7e-m/fpu/libc_s.a(lib_a-exit.o) (_global_impure_ptr)
/usr/local/bin/gcc-arm-none-eabi/bin/../lib/gcc/arm-none-eabi/4.7.4/../../../../arm-none-eabi/lib/armv7e-m/fpu/libc_s.a(lib_a-init.o)
                              /usr/local/bin/gcc-arm-none-eabi/bin/../lib/gcc/arm-none-eabi/4.7.4/../../../../arm-none-eabi/lib/armv7e-m/fpu/crt0.o (__libc_init_array)
/usr/local/bin/gcc-arm-none-eabi/bin/../lib/gcc/arm-none-eabi/4.7.4/../../../../arm-none-eabi/lib/armv7e-m/fpu/libc_s.a(lib_a-memcpy.o)
                              obj/mZigbee.o (memcpy)
/usr/local/bin/gcc-arm-none-eabi/bin/../lib/gcc/arm-none-eabi/4.7.4/../../../../arm-none-eabi/lib/armv7e-m/fpu/libc_s.a(lib_a-memset.o)
                              /usr/local/bin/gcc-arm-none-eabi/bin/../lib/gcc/arm-none-eabi/4.7.4/../../../../arm-none-eabi/lib/armv7e-m/fpu/crt0.o (memset)
/usr/local/bin/gcc-arm-none-eabi/bin/../lib/gcc/arm-none-eabi/4.7.4/../../../../arm-none-eabi/lib/armv7e-m/fpu/libc_s.a(lib_a-printf.o)
                              obj/mUSB.o (printf)
/usr/local/bin/gcc-arm-none-eabi/bin/../lib/gcc/arm-none-eabi/4.7.4/../../../../arm-none-eabi/lib/armv7e-m/fpu/libc_s.a(lib_a-puts.o)
                              obj/mZigbee.o (puts)
/usr/local/bin/gcc-arm-none-eabi/bin/../lib/gcc/arm-none-eabi/4.7.4/../../../../arm-none-eabi/lib/armv7e-m/fpu/libc_s.a(lib_a-setvbuf.o)
                              obj/mUSB.o (setvbuf)
[...]
Memory Configuration

Name             Origin             Length             Attributes
FLASH            0x0000000008000000 0x0000000000040000 xr
RAM              0x0000000020000000 0x0000000000008000 xrw
*default*        0x0000000000000000 0xffffffffffffffff

Linker script and memory map

LOAD /usr/local/bin/gcc-arm-none-eabi/bin/../lib/gcc/arm-none-eabi/4.7.4/armv7e-m/fpu/crti.o
LOAD /usr/local/bin/gcc-arm-none-eabi/bin/../lib/gcc/arm-none-eabi/4.7.4/armv7e-m/fpu/crtbegin.o
LOAD /usr/local/bin/gcc-arm-none-eabi/bin/../lib/gcc/arm-none-eabi/4.7.4/../../../../arm-none-eabi/lib/armv7e-m/fpu/crt0.o
LOAD obj/mBus.o
LOAD obj/mGeneral.o
LOAD obj/mUSB.o
LOAD obj/mZigbee.o
LOAD obj/stm32f37x_it.o
LOAD obj/stm32f37x_i2c_cpal.o
LOAD obj/stm32f37x_i2c_cpal_hal.o
LOAD obj/arm_abs_f32.o
LOAD obj/arm_abs_q15.o
LOAD obj/arm_abs_q31.o
LOAD obj/arm_abs_q7.o
LOAD obj/arm_add_f32.o
LOAD obj/arm_add_q15.o
LOAD obj/arm_add_q31.o
LOAD obj/arm_add_q7.o
LOAD obj/arm_dot_prod_f32.o
LOAD obj/arm_dot_prod_q15.o
LOAD obj/arm_dot_prod_q31.o
LOAD obj/arm_dot_prod_q7.o
LOAD obj/arm_mult_f32.o
LOAD obj/arm_mult_q15.o
LOAD obj/arm_mult_q31.o
LOAD obj/arm_mult_q7.o
LOAD obj/arm_negate_f32.o
LOAD obj/arm_negate_q15.o
LOAD obj/arm_negate_q31.o
LOAD obj/arm_negate_q7.o
LOAD obj/arm_offset_f32.o
LOAD obj/arm_offset_q15.o
LOAD obj/arm_offset_q31.o
LOAD obj/arm_offset_q7.o
LOAD obj/arm_scale_f32.o
LOAD obj/arm_scale_q15.o
LOAD obj/arm_scale_q31.o
LOAD obj/arm_scale_q7.o
LOAD obj/arm_shift_q15.o
LOAD obj/arm_shift_q31.o
LOAD obj/arm_shift_q7.o
LOAD obj/arm_sub_f32.o
LOAD obj/arm_sub_q15.o
LOAD obj/arm_sub_q31.o
LOAD obj/arm_sub_q7.o
LOAD obj/arm_common_tables.o
LOAD obj/arm_cmplx_conj_f32.o
LOAD obj/arm_cmplx_conj_q15.o
LOAD obj/arm_cmplx_conj_q31.o
LOAD obj/arm_cmplx_dot_prod_f32.o
LOAD obj/arm_cmplx_dot_prod_q15.o
LOAD obj/arm_cmplx_dot_prod_q31.o
LOAD obj/arm_cmplx_mag_f32.o
LOAD obj/arm_cmplx_mag_q15.o
LOAD obj/arm_cmplx_mag_q31.o
LOAD obj/arm_cmplx_mag_squared_f32.o
LOAD obj/arm_cmplx_mag_squared_q15.o
LOAD obj/arm_cmplx_mag_squared_q31.o
LOAD obj/arm_cmplx_mult_cmplx_f32.o
LOAD obj/arm_cmplx_mult_cmplx_q15.o
LOAD obj/arm_cmplx_mult_cmplx_q31.o
LOAD obj/arm_cmplx_mult_real_f32.o
LOAD obj/arm_cmplx_mult_real_q15.o
LOAD obj/arm_cmplx_mult_real_q31.o
LOAD obj/arm_pid_init_f32.o
LOAD obj/arm_pid_init_q15.o
LOAD obj/arm_pid_init_q31.o
LOAD obj/arm_pid_reset_f32.o
LOAD obj/arm_pid_reset_q15.o
LOAD obj/arm_pid_reset_q31.o
LOAD obj/arm_sin_cos_f32.o
LOAD obj/arm_sin_cos_q31.o
LOAD obj/arm_cos_f32.o
LOAD obj/arm_cos_q15.o
LOAD obj/arm_cos_q31.o
LOAD obj/arm_sin_f32.o
LOAD obj/arm_sin_q15.o
LOAD obj/arm_sin_q31.o
LOAD obj/arm_sqrt_q15.o
LOAD obj/arm_sqrt_q31.o
LOAD obj/arm_biquad_cascade_df1_32x64_init_q31.o
LOAD obj/arm_biquad_cascade_df1_32x64_q31.o
LOAD obj/arm_biquad_cascade_df1_f32.o
LOAD obj/arm_biquad_cascade_df1_fast_q15.o
LOAD obj/arm_biquad_cascade_df1_fast_q31.o
LOAD obj/arm_biquad_cascade_df1_init_f32.o
LOAD obj/arm_biquad_cascade_df1_init_q15.o
LOAD obj/arm_biquad_cascade_df1_init_q31.o
LOAD obj/arm_biquad_cascade_df1_q15.o
LOAD obj/arm_biquad_cascade_df1_q31.o
LOAD obj/arm_biquad_cascade_df2T_f32.o
LOAD obj/arm_biquad_cascade_df2T_init_f32.o
LOAD obj/arm_conv_f32.o
LOAD obj/arm_conv_fast_opt_q15.o
LOAD obj/arm_conv_fast_q15.o
LOAD obj/arm_conv_fast_q31.o
LOAD obj/arm_conv_opt_q15.o
LOAD obj/arm_conv_opt_q7.o
LOAD obj/arm_conv_partial_f32.o
LOAD obj/arm_conv_partial_fast_opt_q15.o
LOAD obj/arm_conv_partial_fast_q15.o
LOAD obj/arm_conv_partial_fast_q31.o
LOAD obj/arm_conv_partial_opt_q15.o
LOAD obj/arm_conv_partial_opt_q7.o
LOAD obj/arm_conv_partial_q15.o
LOAD obj/arm_conv_partial_q31.o
LOAD obj/arm_conv_partial_q7.o
LOAD obj/arm_conv_q15.o
LOAD obj/arm_conv_q31.o
LOAD obj/arm_conv_q7.o
LOAD obj/arm_correlate_f32.o
LOAD obj/arm_correlate_fast_opt_q15.o
LOAD obj/arm_correlate_fast_q15.o
LOAD obj/arm_correlate_fast_q31.o
LOAD obj/arm_correlate_opt_q15.o
LOAD obj/arm_correlate_opt_q7.o
LOAD obj/arm_correlate_q15.o
LOAD obj/arm_correlate_q31.o
LOAD obj/arm_correlate_q7.o
LOAD obj/arm_fir_decimate_f32.o
LOAD obj/arm_fir_decimate_fast_q15.o
LOAD obj/arm_fir_decimate_fast_q31.o
LOAD obj/arm_fir_decimate_init_f32.o
LOAD obj/arm_fir_decimate_init_q15.o
LOAD obj/arm_fir_decimate_init_q31.o
LOAD obj/arm_fir_decimate_q15.o
LOAD obj/arm_fir_decimate_q31.o
LOAD obj/arm_fir_f32.o
LOAD obj/arm_fir_fast_q15.o
LOAD obj/arm_fir_fast_q31.o
LOAD obj/arm_fir_init_f32.o
LOAD obj/arm_fir_init_q15.o
LOAD obj/arm_fir_init_q31.o
LOAD obj/arm_fir_init_q7.o
LOAD obj/arm_fir_interpolate_f32.o
LOAD obj/arm_fir_interpolate_init_f32.o
LOAD obj/arm_fir_interpolate_init_q15.o
LOAD obj/arm_fir_interpolate_init_q31.o
LOAD obj/arm_fir_interpolate_q15.o
LOAD obj/arm_fir_interpolate_q31.o
LOAD obj/arm_fir_lattice_f32.o
LOAD obj/arm_fir_lattice_init_f32.o
LOAD obj/arm_fir_lattice_init_q15.o
LOAD obj/arm_fir_lattice_init_q31.o
LOAD obj/arm_fir_lattice_q15.o
LOAD obj/arm_fir_lattice_q31.o
LOAD obj/arm_fir_q15.o
LOAD obj/arm_fir_q31.o
LOAD obj/arm_fir_q7.o
LOAD obj/arm_fir_sparse_f32.o
LOAD obj/arm_fir_sparse_init_f32.o
LOAD obj/arm_fir_sparse_init_q15.o
LOAD obj/arm_fir_sparse_init_q31.o
LOAD obj/arm_fir_sparse_init_q7.o
LOAD obj/arm_fir_sparse_q15.o
LOAD obj/arm_fir_sparse_q31.o
LOAD obj/arm_fir_sparse_q7.o
LOAD obj/arm_iir_lattice_f32.o
LOAD obj/arm_iir_lattice_init_f32.o
LOAD obj/arm_iir_lattice_init_q15.o
LOAD obj/arm_iir_lattice_init_q31.o
LOAD obj/arm_iir_lattice_q15.o
LOAD obj/arm_iir_lattice_q31.o
LOAD obj/arm_lms_f32.o
LOAD obj/arm_lms_init_f32.o
LOAD obj/arm_lms_init_q15.o
LOAD obj/arm_lms_init_q31.o
LOAD obj/arm_lms_norm_f32.o
LOAD obj/arm_lms_norm_init_f32.o
LOAD obj/arm_lms_norm_init_q15.o
LOAD obj/arm_lms_norm_init_q31.o
LOAD obj/arm_lms_norm_q15.o
LOAD obj/arm_lms_norm_q31.o
LOAD obj/arm_lms_q15.o
LOAD obj/arm_lms_q31.o
LOAD obj/arm_mat_add_f32.o
LOAD obj/arm_mat_add_q15.o
LOAD obj/arm_mat_add_q31.o
LOAD obj/arm_mat_init_f32.o
LOAD obj/arm_mat_init_q15.o
LOAD obj/arm_mat_init_q31.o
LOAD obj/arm_mat_inverse_f32.o
LOAD obj/arm_mat_mult_f32.o
LOAD obj/arm_mat_mult_fast_q15.o
LOAD obj/arm_mat_mult_fast_q31.o
LOAD obj/arm_mat_mult_q15.o
LOAD obj/arm_mat_mult_q31.o
LOAD obj/arm_mat_scale_f32.o
LOAD obj/arm_mat_scale_q15.o
LOAD obj/arm_mat_scale_q31.o
LOAD obj/arm_mat_sub_f32.o
LOAD obj/arm_mat_sub_q15.o
LOAD obj/arm_mat_sub_q31.o
LOAD obj/arm_mat_trans_f32.o
LOAD obj/arm_mat_trans_q15.o
LOAD obj/arm_mat_trans_q31.o
LOAD obj/arm_max_f32.o
LOAD obj/arm_max_q15.o
LOAD obj/arm_max_q31.o
LOAD obj/arm_max_q7.o
LOAD obj/arm_mean_f32.o
LOAD obj/arm_mean_q15.o
LOAD obj/arm_mean_q31.o
LOAD obj/arm_mean_q7.o
LOAD obj/arm_min_f32.o
LOAD obj/arm_min_q15.o
LOAD obj/arm_min_q31.o
LOAD obj/arm_min_q7.o
LOAD obj/arm_power_f32.o
LOAD obj/arm_power_q15.o
LOAD obj/arm_power_q31.o
LOAD obj/arm_power_q7.o
LOAD obj/arm_rms_f32.o
LOAD obj/arm_rms_q15.o
LOAD obj/arm_rms_q31.o
LOAD obj/arm_std_f32.o
LOAD obj/arm_std_q15.o
LOAD obj/arm_std_q31.o
LOAD obj/arm_var_f32.o
LOAD obj/arm_var_q15.o
LOAD obj/arm_var_q31.o
LOAD obj/arm_copy_f32.o
LOAD obj/arm_copy_q15.o
LOAD obj/arm_copy_q31.o
LOAD obj/arm_copy_q7.o
LOAD obj/arm_fill_f32.o
LOAD obj/arm_fill_q15.o
LOAD obj/arm_fill_q31.o
LOAD obj/arm_fill_q7.o
LOAD obj/arm_float_to_q15.o
LOAD obj/arm_float_to_q31.o
LOAD obj/arm_float_to_q7.o
LOAD obj/arm_q15_to_float.o
LOAD obj/arm_q15_to_q31.o
LOAD obj/arm_q15_to_q7.o
LOAD obj/arm_q31_to_float.o
LOAD obj/arm_q31_to_q15.o
LOAD obj/arm_q31_to_q7.o
LOAD obj/arm_q7_to_float.o
LOAD obj/arm_q7_to_q15.o
LOAD obj/arm_q7_to_q31.o
LOAD obj/arm_bitreversal.o
LOAD obj/arm_cfft_radix2_f32.o
LOAD obj/arm_cfft_radix2_init_f32.o
LOAD obj/arm_cfft_radix2_init_q15.o
LOAD obj/arm_cfft_radix2_init_q31.o
LOAD obj/arm_cfft_radix2_q15.o
LOAD obj/arm_cfft_radix2_q31.o
LOAD obj/arm_cfft_radix4_f32.o
LOAD obj/arm_cfft_radix4_init_f32.o
LOAD obj/arm_cfft_radix4_init_q15.o
LOAD obj/arm_cfft_radix4_init_q31.o
LOAD obj/arm_cfft_radix4_q15.o
LOAD obj/arm_cfft_radix4_q31.o
LOAD obj/arm_dct4_f32.o
LOAD obj/arm_dct4_init_f32.o
LOAD obj/arm_dct4_init_q15.o
LOAD obj/arm_dct4_init_q31.o
LOAD obj/arm_dct4_q15.o
LOAD obj/arm_dct4_q31.o
LOAD obj/arm_rfft_f32.o
LOAD obj/arm_rfft_init_f32.o
LOAD obj/arm_rfft_init_q15.o
LOAD obj/arm_rfft_init_q31.o
LOAD obj/arm_rfft_q15.o
LOAD obj/arm_rfft_q31.o
LOAD obj/stm32f37x_adc.o
LOAD obj/stm32f37x_can.o
LOAD obj/stm32f37x_cec.o
LOAD obj/stm32f37x_comp.o
LOAD obj/stm32f37x_crc.o
LOAD obj/stm32f37x_dac.o
LOAD obj/stm32f37x_dbgmcu.o
LOAD obj/stm32f37x_dma.o
LOAD obj/stm32f37x_exti.o
LOAD obj/stm32f37x_flash.o
LOAD obj/stm32f37x_gpio.o
LOAD obj/stm32f37x_i2c.o
LOAD obj/stm32f37x_iwdg.o
LOAD obj/stm32f37x_misc.o
LOAD obj/stm32f37x_pwr.o
LOAD obj/stm32f37x_rcc.o
LOAD obj/stm32f37x_rtc.o
LOAD obj/stm32f37x_sdadc.o
LOAD obj/stm32f37x_spi.o
LOAD obj/stm32f37x_syscfg.o
LOAD obj/stm32f37x_tim.o
LOAD obj/stm32f37x_usart.o
LOAD obj/stm32f37x_wwdg.o
LOAD obj/system_stm32f37x.o
LOAD obj/usb_core.o
LOAD obj/usb_init.o
LOAD obj/usb_int.o
LOAD obj/usb_mem.o
LOAD obj/usb_regs.o
LOAD obj/usb_sil.o
LOAD obj/startup_stm32f37x.o
LOAD obj/bqueue.o
LOAD obj/midi_parser.o
LOAD obj/usb_iface.o
LOAD obj/main.o
LOAD /usr/local/bin/gcc-arm-none-eabi/bin/../lib/gcc/arm-none-eabi/4.7.4/../../../../arm-none-eabi/lib/armv7e-m/fpu/libnosys.a
LOAD /usr/local/bin/gcc-arm-none-eabi/bin/../lib/gcc/arm-none-eabi/4.7.4/../../../../arm-none-eabi/lib/armv7e-m/fpu/libstdc++_s.a
LOAD /usr/local/bin/gcc-arm-none-eabi/bin/../lib/gcc/arm-none-eabi/4.7.4/../../../../arm-none-eabi/lib/armv7e-m/fpu/libm.a
START GROUP
LOAD /usr/local/bin/gcc-arm-none-eabi/bin/../lib/gcc/arm-none-eabi/4.7.4/armv7e-m/fpu/libgcc.a
LOAD /usr/local/bin/gcc-arm-none-eabi/bin/../lib/gcc/arm-none-eabi/4.7.4/../../../../arm-none-eabi/lib/armv7e-m/fpu/libc_s.a
END GROUP
LOAD /usr/local/bin/gcc-arm-none-eabi/bin/../lib/gcc/arm-none-eabi/4.7.4/armv7e-m/fpu/crtend.o
LOAD /usr/local/bin/gcc-arm-none-eabi/bin/../lib/gcc/arm-none-eabi/4.7.4/armv7e-m/fpu/crtn.o
                0x0000000020008000                _estack = 0x20008000
                0x0000000000000000                _Min_Heap_Size = 0x0
                0x0000000000000400                _Min_Stack_Size = 0x400

.isr_vector     0x0000000008000000      0x188
                0x0000000008000000                . = ALIGN (0x4)
 *(.isr_vector)
 .isr_vector    0x0000000008000000      0x188 obj/startup_stm32f37x.o
                0x0000000008000000                g_pfnVectors
                0x0000000008000188                . = ALIGN (0x4)

.eh_frame       0x0000000008000188        0x0
 .eh_frame      0x0000000008000188        0x0 /usr/local/bin/gcc-arm-none-eabi/bin/../lib/gcc/arm-none-eabi/4.7.4/armv7e-m/fpu/crtbegin.o

.text           0x0000000008000188     0x6740
                0x0000000008000188                . = ALIGN (0x4)
 *(.text)
 .text          0x0000000008000188       0x54 /usr/local/bin/gcc-arm-none-eabi/bin/../lib/gcc/arm-none-eabi/4.7.4/armv7e-m/fpu/crtbegin.o
 .text          0x00000000080001dc      0x370 /usr/local/bin/gcc-arm-none-eabi/bin/../lib/gcc/arm-none-eabi/4.7.4/armv7e-m/fpu/libgcc.a(_arm_addsubdf3.o)
                0x00000000080001dc                __aeabi_drsub
                0x00000000080001e4                __subdf3
                0x00000000080001e4                __aeabi_dsub
                0x00000000080001e8                __aeabi_dadd
                0x00000000080001e8                __adddf3
                0x0000000008000460                __aeabi_ui2d
                0x0000000008000460                __floatunsidf
                0x0000000008000480                __floatsidf
                0x0000000008000480                __aeabi_i2d
                0x00000000080004a4                __extendsfdf2
                0x00000000080004a4                __aeabi_f2d
                0x00000000080004e0                __aeabi_ul2d
                0x00000000080004e0                __floatundidf
                0x00000000080004f0                __aeabi_l2d
                0x00000000080004f0                __floatdidf
 .text          0x000000000800054c      0x424 /usr/local/bin/gcc-arm-none-eabi/bin/../lib/gcc/arm-none-eabi/4.7.4/armv7e-m/fpu/libgcc.a(_arm_muldivdf3.o)
                0x000000000800054c                __aeabi_dmul
                0x000000000800054c                __muldf3
                0x00000000080007a0                __aeabi_ddiv
                0x00000000080007a0                __divdf3
 .text          0x0000000008000970       0x50 /usr/local/bin/gcc-arm-none-eabi/bin/../lib/gcc/arm-none-eabi/4.7.4/armv7e-m/fpu/libgcc.a(_arm_fixdfsi.o)
                0x0000000008000970                __fixdfsi
                0x0000000008000970                __aeabi_d2iz
 .text          0x00000000080009c0      0x110 /usr/local/bin/gcc-arm-none-eabi/bin/../lib/gcc/arm-none-eabi/4.7.4/armv7e-m/fpu/libgcc.a(_arm_cmpdf2.o)
                0x00000000080009c0                __gtdf2
                0x00000000080009c0                __gedf2
                0x00000000080009c8                __ltdf2
                0x00000000080009c8                __ledf2
                0x00000000080009d0                __eqdf2
                0x00000000080009d0                __nedf2
                0x00000000080009d0                __cmpdf2
                0x0000000008000a4c                __aeabi_cdrcmple
                0x0000000008000a5c                __aeabi_cdcmple
                0x0000000008000a5c                __aeabi_cdcmpeq
                0x0000000008000a6c                __aeabi_dcmpeq
                0x0000000008000a80                __aeabi_dcmplt
                0x0000000008000a94                __aeabi_dcmple
                0x0000000008000aa8                __aeabi_dcmpge
                0x0000000008000abc                __aeabi_dcmpgt
 *(.text*)
 .text.mBusInit
                0x0000000008000ad0       0x6c obj/mBus.o
                0x0000000008000ad0                mBusInit
 .text.CPAL_TIMEOUT_UserCallback
                0x0000000008000b3c       0x10 obj/mBus.o
                0x0000000008000b3c                CPAL_TIMEOUT_UserCallback
 .text.CPAL_I2C_DMARXTC_UserCallback
                0x0000000008000b4c       0x18 obj/mBus.o
                0x0000000008000b4c                CPAL_I2C_DMARXTC_UserCallback
 .text.CPAL_I2C_ERR_UserCallback
                0x0000000008000b64      0x134 obj/mBus.o
                0x0000000008000b64                CPAL_I2C_ERR_UserCallback
 .text.mInit    0x0000000008000c98       0xfc obj/mGeneral.o
                0x0000000008000c98                mInit
 .text.EP1_IN_Callback
                0x0000000008000d94       0x10 obj/mUSB.o
                0x0000000008000d94                EP1_IN_Callback
 .text.Virtual_Com_Port_SetConfiguration
                0x0000000008000da4       0x18 obj/mUSB.o
                0x0000000008000da4                Virtual_Com_Port_SetConfiguration
 .text.Virtual_Com_Port_SetDeviceAddress
                0x0000000008000dbc       0x10 obj/mUSB.o
                0x0000000008000dbc                Virtual_Com_Port_SetDeviceAddress
 .text.Virtual_Com_Port_Status_In
                0x0000000008000dcc       0x14 obj/mUSB.o
                0x0000000008000dcc                Virtual_Com_Port_Status_In
 .text.Virtual_Com_Port_Status_Out
                0x0000000008000de0        0x4 obj/mUSB.o
                0x0000000008000de0                Virtual_Com_Port_Status_Out
 .text.Virtual_Com_Port_Data_Setup
                0x0000000008000de4       0x60 obj/mUSB.o
                0x0000000008000de4                Virtual_Com_Port_Data_Setup
 .text.Virtual_Com_Port_NoData_Setup
                0x0000000008000e44       0x24 obj/mUSB.o
                0x0000000008000e44                Virtual_Com_Port_NoData_Setup
 .text.Virtual_Com_Port_Get_Interface_Setting
                0x0000000008000e68       0x10 obj/mUSB.o
                0x0000000008000e68                Virtual_Com_Port_Get_Interface_Setting
 .text.Virtual_Com_Port_GetLineCoding
                0x0000000008000e78       0x18 obj/mUSB.o
                0x0000000008000e78                Virtual_Com_Port_GetLineCoding
 .text.Virtual_Com_Port_SetLineCoding
                0x0000000008000e90       0x18 obj/mUSB.o
                0x0000000008000e90                Virtual_Com_Port_SetLineCoding
 .text.IntToUnicode
                0x0000000008000ea8       0x78 obj/mUSB.o
 .text.Virtual_Com_Port_GetStringDescriptor
                0x0000000008000f20       0x20 obj/mUSB.o
                0x0000000008000f20                Virtual_Com_Port_GetStringDescriptor
 .text.Virtual_Com_Port_GetConfigDescriptor
                0x0000000008000f40        0xc obj/mUSB.o
                0x0000000008000f40                Virtual_Com_Port_GetConfigDescriptor
 .text.Virtual_Com_Port_GetDeviceDescriptor
                0x0000000008000f4c        0xc obj/mUSB.o
                0x0000000008000f4c                Virtual_Com_Port_GetDeviceDescriptor
 .text.Virtual_Com_Port_Reset
                0x0000000008000f58       0xe0 obj/mUSB.o
                0x0000000008000f58                Virtual_Com_Port_Reset
 .text.EP3_OUT_Callback
                0x0000000008001038       0x38 obj/mUSB.o
                0x0000000008001038                EP3_OUT_Callback
 .text.USBWakeUp_IRQHandler
                0x0000000008001070        0x8 obj/mUSB.o
                0x0000000008001070                USBWakeUp_IRQHandler
 .text._close   0x0000000008001078        0x8 obj/mUSB.o
                0x0000000008001078                _close
 .text._fstat   0x0000000008001080        0xc obj/mUSB.o
                0x0000000008001080                _fstat
 .text._isatty  0x000000000800108c        0x4 obj/mUSB.o
                0x000000000800108c                _isatty
 .text._lseek   0x0000000008001090        0x4 obj/mUSB.o
                0x0000000008001090                _lseek
 .text.PowerOn  0x0000000008001094       0x40 obj/mUSB.o
                0x0000000008001094                PowerOn
 .text.Suspend  0x00000000080010d4      0x1a4 obj/mUSB.o
                0x00000000080010d4                Suspend
 .text.mUSBInit
                0x0000000008001278      0x10c obj/mUSB.o
                0x0000000008001278                mUSBInit
 .text.Leave_LowPowerMode
                0x0000000008001384       0x20 obj/mUSB.o
                0x0000000008001384                Leave_LowPowerMode
 .text.Resume_Init
                0x00000000080013a4       0x20 obj/mUSB.o
                0x00000000080013a4                Resume_Init
 .text.Resume   0x00000000080013c4       0xb8 obj/mUSB.o
                0x00000000080013c4                Resume
 .text.USB_Istr
                0x000000000800147c      0x260 obj/mUSB.o
                0x000000000800147c                USB_Istr
 .text.USB_LP_IRQHandler
                0x00000000080016dc        0x4 obj/mUSB.o
                0x00000000080016dc                USB_LP_IRQHandler
 .text.Get_SerialNum
                0x00000000080016e0       0x44 obj/mUSB.o
                0x00000000080016e0                Get_SerialNum
 .text.Virtual_Com_Port_init
                0x0000000008001724       0x28 obj/mUSB.o
                0x0000000008001724                Virtual_Com_Port_init
 .text.CDC_Send_DATA
                0x000000000800174c       0x30 obj/mUSB.o
                0x000000000800174c                CDC_Send_DATA
 .text._write   0x000000000800177c       0xcc obj/mUSB.o
                0x000000000800177c                _write
 .text._sbrk    0x0000000008001848       0x3c obj/mUSB.o
                0x0000000008001848                _sbrk
 .text.CDC_Receive_DATA
                0x0000000008001884       0x18 obj/mUSB.o
                0x0000000008001884                CDC_Receive_DATA
 .text._read    0x000000000800189c       0x6c obj/mUSB.o
                0x000000000800189c                _read
 .text.NMI_Handler
                0x0000000008001908        0x4 obj/stm32f37x_it.o
                0x0000000008001908                NMI_Handler
 .text.HardFault_Handler
                0x000000000800190c        0x4 obj/stm32f37x_it.o
                0x000000000800190c                HardFault_Handler
 .text.MemManage_Handler
                0x0000000008001910        0x4 obj/stm32f37x_it.o
                0x0000000008001910                MemManage_Handler
 .text.BusFault_Handler
                0x0000000008001914        0x4 obj/stm32f37x_it.o
                0x0000000008001914                BusFault_Handler
 .text.UsageFault_Handler
                0x0000000008001918        0x4 obj/stm32f37x_it.o
                0x0000000008001918                UsageFault_Handler
 .text.SVC_Handler
                0x000000000800191c        0x4 obj/stm32f37x_it.o
                0x000000000800191c                SVC_Handler
 .text.DebugMon_Handler
                0x0000000008001920        0x4 obj/stm32f37x_it.o
                0x0000000008001920                DebugMon_Handler
 .text.PendSV_Handler
                0x0000000008001924        0x4 obj/stm32f37x_it.o
                0x0000000008001924                PendSV_Handler
 .text.CPAL_I2C_Timeout
                0x0000000008001928       0x14 obj/stm32f37x_i2c_cpal.o
 .text.CPAL_I2C_Init
                0x000000000800193c      0x12c obj/stm32f37x_i2c_cpal.o
                0x000000000800193c                CPAL_I2C_Init
 .text.CPAL_I2C_StructInit
                0x0000000008001a68       0x38 obj/stm32f37x_i2c_cpal.o
                0x0000000008001a68                CPAL_I2C_StructInit
 .text.CPAL_I2C_EV_IRQHandler
                0x0000000008001aa0      0x1ec obj/stm32f37x_i2c_cpal.o
                0x0000000008001aa0                CPAL_I2C_EV_IRQHandler
 .text.CPAL_I2C_ER_IRQHandler
                0x0000000008001c8c       0x4c obj/stm32f37x_i2c_cpal.o
                0x0000000008001c8c                CPAL_I2C_ER_IRQHandler
 .text.CPAL_I2C_DMA_TX_IRQHandler
                0x0000000008001cd8       0xb4 obj/stm32f37x_i2c_cpal.o
                0x0000000008001cd8                CPAL_I2C_DMA_TX_IRQHandler
 .text.CPAL_I2C_DMA_RX_IRQHandler
                0x0000000008001d8c       0xec obj/stm32f37x_i2c_cpal.o
                0x0000000008001d8c                CPAL_I2C_DMA_RX_IRQHandler
 .text.SysTick_Handler
                0x0000000008001e78       0x6c obj/stm32f37x_i2c_cpal.o
                0x0000000008001e78                SysTick_Handler
 .text.CPAL_HAL_NVICInit
                0x0000000008001ee4        0x8 obj/stm32f37x_i2c_cpal_hal.o
                0x0000000008001ee4                CPAL_HAL_NVICInit
 .text.CPAL_I2C_HAL_CLKInit
                0x0000000008001eec       0x2c obj/stm32f37x_i2c_cpal_hal.o
                0x0000000008001eec                CPAL_I2C_HAL_CLKInit
 .text.CPAL_I2C_HAL_CLKDeInit
                0x0000000008001f18       0x2c obj/stm32f37x_i2c_cpal_hal.o
                0x0000000008001f18                CPAL_I2C_HAL_CLKDeInit
 .text.CPAL_I2C_HAL_GPIOInit
                0x0000000008001f44       0xc0 obj/stm32f37x_i2c_cpal_hal.o
                0x0000000008001f44                CPAL_I2C_HAL_GPIOInit
 .text.CPAL_I2C_HAL_GPIODeInit
                0x0000000008002004       0x64 obj/stm32f37x_i2c_cpal_hal.o
                0x0000000008002004                CPAL_I2C_HAL_GPIODeInit
 .text.CPAL_I2C_HAL_DMAInit
                0x0000000008002068       0x8c obj/stm32f37x_i2c_cpal_hal.o
                0x0000000008002068                CPAL_I2C_HAL_DMAInit
 .text.CPAL_I2C_HAL_DMADeInit
                0x00000000080020f4       0x34 obj/stm32f37x_i2c_cpal_hal.o
                0x00000000080020f4                CPAL_I2C_HAL_DMADeInit
 .text.CPAL_I2C_HAL_ITInit
                0x0000000008002128      0x140 obj/stm32f37x_i2c_cpal_hal.o
                0x0000000008002128                CPAL_I2C_HAL_ITInit
 .text.I2C1_EV_IRQHandler
                0x0000000008002268        0xc obj/stm32f37x_i2c_cpal_hal.o
                0x0000000008002268                I2C1_EV_IRQHandler
 .text.I2C1_ER_IRQHandler
                0x0000000008002274       0x14 obj/stm32f37x_i2c_cpal_hal.o
                0x0000000008002274                I2C1_ER_IRQHandler
 .text.DMA1_Channel6_IRQHandler
                0x0000000008002288        0xc obj/stm32f37x_i2c_cpal_hal.o
                0x0000000008002288                DMA1_Channel6_IRQHandler
 .text.DMA1_Channel7_IRQHandler
                0x0000000008002294        0xc obj/stm32f37x_i2c_cpal_hal.o
                0x0000000008002294                DMA1_Channel7_IRQHandler
 .text.I2C2_EV_IRQHandler
                0x00000000080022a0        0xc obj/stm32f37x_i2c_cpal_hal.o
                0x00000000080022a0                I2C2_EV_IRQHandler
 .text.I2C2_ER_IRQHandler
                0x00000000080022ac       0x14 obj/stm32f37x_i2c_cpal_hal.o
                0x00000000080022ac                I2C2_ER_IRQHandler
 .text.DMA1_Channel4_IRQHandler
                0x00000000080022c0        0xc obj/stm32f37x_i2c_cpal_hal.o
                0x00000000080022c0                DMA1_Channel4_IRQHandler
 .text.DMA1_Channel5_IRQHandler
                0x00000000080022cc        0xc obj/stm32f37x_i2c_cpal_hal.o
                0x00000000080022cc                DMA1_Channel5_IRQHandler
 .text.DMA_DeInit
                0x00000000080022d8      0x158 obj/stm32f37x_dma.o
                0x00000000080022d8                DMA_DeInit
 .text.DMA_Init
                0x0000000008002430       0x58 obj/stm32f37x_dma.o
                0x0000000008002430                DMA_Init
 .text.EXTI_Init
                0x0000000008002488       0x7c obj/stm32f37x_exti.o
                0x0000000008002488                EXTI_Init
 .text.EXTI_ClearITPendingBit
                0x0000000008002504        0xc obj/stm32f37x_exti.o
                0x0000000008002504                EXTI_ClearITPendingBit
 .text.GPIO_Init
                0x0000000008002510      0x16c obj/stm32f37x_gpio.o
                0x0000000008002510                GPIO_Init
 .text.GPIO_PinLockConfig
                0x000000000800267c       0x28 obj/stm32f37x_gpio.o
                0x000000000800267c                GPIO_PinLockConfig
 .text.GPIO_ResetBits
                0x00000000080026a4        0x4 obj/stm32f37x_gpio.o
                0x00000000080026a4                GPIO_ResetBits
 .text.GPIO_PinAFConfig
                0x00000000080026a8       0x30 obj/stm32f37x_gpio.o
                0x00000000080026a8                GPIO_PinAFConfig
 .text.I2C_Init
                0x00000000080026d8       0x70 obj/stm32f37x_i2c.o
                0x00000000080026d8                I2C_Init
 .text.NVIC_PriorityGroupConfig
                0x0000000008002748       0x14 obj/stm32f37x_misc.o
                0x0000000008002748                NVIC_PriorityGroupConfig
 .text.NVIC_Init
                0x000000000800275c       0x7c obj/stm32f37x_misc.o
                0x000000000800275c                NVIC_Init
 .text.RCC_I2CCLKConfig
                0x00000000080027d8       0x28 obj/stm32f37x_rcc.o
                0x00000000080027d8                RCC_I2CCLKConfig
 .text.RCC_USBCLKConfig
                0x0000000008002800        0xc obj/stm32f37x_rcc.o
                0x0000000008002800                RCC_USBCLKConfig
 .text.RCC_AHBPeriphClockCmd
                0x000000000800280c       0x1c obj/stm32f37x_rcc.o
                0x000000000800280c                RCC_AHBPeriphClockCmd
 .text.RCC_APB1PeriphClockCmd
                0x0000000008002828       0x1c obj/stm32f37x_rcc.o
                0x0000000008002828                RCC_APB1PeriphClockCmd
 .text.RCC_APB1PeriphResetCmd
                0x0000000008002844       0x1c obj/stm32f37x_rcc.o
                0x0000000008002844                RCC_APB1PeriphResetCmd
 .text.SystemInit
                0x0000000008002860      0x12c obj/system_stm32f37x.o
                0x0000000008002860                SystemInit
 .text.Standard_GetConfiguration
                0x000000000800298c       0x28 obj/usb_core.o
                0x000000000800298c                Standard_GetConfiguration
 .text.Standard_GetInterface
                0x00000000080029b4       0x28 obj/usb_core.o
                0x00000000080029b4                Standard_GetInterface
 .text.Standard_GetStatus
                0x00000000080029dc       0xa0 obj/usb_core.o
                0x00000000080029dc                Standard_GetStatus
 .text.DataStageIn
                0x0000000008002a7c       0xb4 obj/usb_core.o
 .text.Standard_SetConfiguration
                0x0000000008002b30       0x3c obj/usb_core.o
                0x0000000008002b30                Standard_SetConfiguration
 .text.Standard_SetInterface
                0x0000000008002b6c       0x50 obj/usb_core.o
                0x0000000008002b6c                Standard_SetInterface
 .text.Standard_ClearFeature
                0x0000000008002bbc       0xe8 obj/usb_core.o
                0x0000000008002bbc                Standard_ClearFeature
 .text.Standard_SetEndPointFeature
                0x0000000008002ca4       0x9c obj/usb_core.o
                0x0000000008002ca4                Standard_SetEndPointFeature
 .text.Standard_GetDescriptorData
                0x0000000008002d40       0x1c obj/usb_core.o
                0x0000000008002d40                Standard_GetDescriptorData
 .text.Post0_Process
                0x0000000008002d5c       0x44 obj/usb_core.o
                0x0000000008002d5c                Post0_Process
 .text.Out0_Process
                0x0000000008002da0       0xe4 obj/usb_core.o
                0x0000000008002da0                Out0_Process
 .text.Setup0_Process
                0x0000000008002e84      0x370 obj/usb_core.o
                0x0000000008002e84                Setup0_Process
 .text.SetDeviceAddress
                0x00000000080031f4       0xa8 obj/usb_core.o
                0x00000000080031f4                SetDeviceAddress
 .text.In0_Process
                0x000000000800329c       0x60 obj/usb_core.o
                0x000000000800329c                In0_Process
 .text.NOP_Process
                0x00000000080032fc        0x4 obj/usb_core.o
                0x00000000080032fc                NOP_Process
 .text.USB_Init
                0x0000000008003300       0x44 obj/usb_init.o
                0x0000000008003300                USB_Init
 .text.CTR_LP   0x0000000008003344      0x1b4 obj/usb_int.o
                0x0000000008003344                CTR_LP
 .text.UserToPMABufferCopy
                0x00000000080034f8       0x78 obj/usb_mem.o
                0x00000000080034f8                UserToPMABufferCopy
 .text.PMAToUserBufferCopy
                0x0000000008003570       0x50 obj/usb_mem.o
                0x0000000008003570                PMAToUserBufferCopy
 .text.SetBTABLE
                0x00000000080035c0       0x14 obj/usb_regs.o
                0x00000000080035c0                SetBTABLE
 .text.SetEPType
                0x00000000080035d4       0x18 obj/usb_regs.o
                0x00000000080035d4                SetEPType
 .text.SetEPTxStatus
                0x00000000080035ec       0x40 obj/usb_regs.o
                0x00000000080035ec                SetEPTxStatus
 .text.SetEPRxStatus
                0x000000000800362c       0x40 obj/usb_regs.o
                0x000000000800362c                SetEPRxStatus
 .text.GetEPTxStatus
                0x000000000800366c       0x14 obj/usb_regs.o
                0x000000000800366c                GetEPTxStatus
 .text.SetEPTxValid
                0x0000000008003680       0x24 obj/usb_regs.o
                0x0000000008003680                SetEPTxValid
 .text.SetEPRxValid
                0x00000000080036a4       0x24 obj/usb_regs.o
                0x00000000080036a4                SetEPRxValid
 .text.Clear_Status_Out
                0x00000000080036c8       0x20 obj/usb_regs.o
                0x00000000080036c8                Clear_Status_Out
 .text.ClearDTOG_RX
                0x00000000080036e8       0x24 obj/usb_regs.o
                0x00000000080036e8                ClearDTOG_RX
 .text.ClearDTOG_TX
                0x000000000800370c       0x24 obj/usb_regs.o
                0x000000000800370c                ClearDTOG_TX
 .text.SetEPTxAddr
                0x0000000008003730       0x24 obj/usb_regs.o
                0x0000000008003730                SetEPTxAddr
 .text.SetEPRxAddr
                0x0000000008003754       0x28 obj/usb_regs.o
                0x0000000008003754                SetEPRxAddr
 .text.GetEPTxAddr
                0x000000000800377c       0x20 obj/usb_regs.o
                0x000000000800377c                GetEPTxAddr
 .text.GetEPRxAddr
                0x000000000800379c       0x20 obj/usb_regs.o
                0x000000000800379c                GetEPRxAddr
 .text.SetEPTxCount
                0x00000000080037bc       0x20 obj/usb_regs.o
                0x00000000080037bc                SetEPTxCount
 .text.SetEPRxCount
                0x00000000080037dc       0x44 obj/usb_regs.o
                0x00000000080037dc                SetEPRxCount
 .text.GetEPRxCount
                0x0000000008003820       0x24 obj/usb_regs.o
                0x0000000008003820                GetEPRxCount
 .text.ByteSwap
                0x0000000008003844        0xc obj/usb_regs.o
                0x0000000008003844                ByteSwap
 .text.USB_SIL_Init
                0x0000000008003850       0x2c obj/usb_sil.o
                0x0000000008003850                USB_SIL_Init
 .text.Reset_Handler
                0x000000000800387c       0x50 obj/startup_stm32f37x.o
                0x000000000800387c                Reset_Handler
 .text.Default_Handler
                0x00000000080038cc        0x4 obj/startup_stm32f37x.o
                0x00000000080038cc                DMA2_Channel3_IRQHandler
                0x00000000080038cc                USB_HP_IRQHandler
                0x00000000080038cc                PVD_IRQHandler
                0x00000000080038cc                EXTI3_IRQHandler
                0x00000000080038cc                EXTI0_IRQHandler
                0x00000000080038cc                CAN1_RX0_IRQHandler
                0x00000000080038cc                FPU_IRQHandler
                0x00000000080038cc                EXTI2_TS_IRQHandler
                0x00000000080038cc                SPI1_IRQHandler
                0x00000000080038cc                DMA2_Channel2_IRQHandler
                0x00000000080038cc                ADC1_IRQHandler
                0x00000000080038cc                TIM17_IRQHandler
                0x00000000080038cc                USART3_IRQHandler
                0x00000000080038cc                CAN1_RX1_IRQHandler
                0x00000000080038cc                TIM4_IRQHandler
                0x00000000080038cc                DMA2_Channel1_IRQHandler
                0x00000000080038cc                TIM16_IRQHandler
                0x00000000080038cc                DMA2_Channel4_IRQHandler
                0x00000000080038cc                TIM3_IRQHandler
                0x00000000080038cc                RCC_IRQHandler
                0x00000000080038cc                DMA1_Channel1_IRQHandler
                0x00000000080038cc                Default_Handler
                0x00000000080038cc                CEC_IRQHandler
                0x00000000080038cc                EXTI15_10_IRQHandler
                0x00000000080038cc                TIM14_IRQHandler
                0x00000000080038cc                TIM13_IRQHandler
                0x00000000080038cc                TIM12_IRQHandler
                0x00000000080038cc                TIM7_IRQHandler
                0x00000000080038cc                TIM5_IRQHandler
                0x00000000080038cc                SDADC2_IRQHandler
                0x00000000080038cc                TIM15_IRQHandler
                0x00000000080038cc                TIM6_DAC1_IRQHandler
                0x00000000080038cc                EXTI9_5_IRQHandler
                0x00000000080038cc                TAMPER_STAMP_IRQHandler
                0x00000000080038cc                RTC_WKUP_IRQHandler
                0x00000000080038cc                SPI2_IRQHandler
                0x00000000080038cc                CAN1_TX_IRQHandler
                0x00000000080038cc                DMA2_Channel5_IRQHandler
                0x00000000080038cc                EXTI4_IRQHandler
                0x00000000080038cc                TIM18_DAC2_IRQHandler
                0x00000000080038cc                DMA1_Channel3_IRQHandler
                0x00000000080038cc                COMP_IRQHandler
                0x00000000080038cc                WWDG_IRQHandler
                0x00000000080038cc                SDADC1_IRQHandler
                0x00000000080038cc                TIM2_IRQHandler
                0x00000000080038cc                EXTI1_IRQHandler
                0x00000000080038cc                SDADC3_IRQHandler
                0x00000000080038cc                USART2_IRQHandler
                0x00000000080038cc                TIM19_IRQHandler
                0x00000000080038cc                DMA1_Channel2_IRQHandler
                0x00000000080038cc                CAN1_SCE_IRQHandler
                0x00000000080038cc                FLASH_IRQHandler
                0x00000000080038cc                USART1_IRQHandler
                0x00000000080038cc                SPI3_IRQHandler
                0x00000000080038cc                RTC_Alarm_IRQHandler
 .text._ZN6bQueueC2Ev
                0x00000000080038d0        0xc obj/bqueue.o
                0x00000000080038d0                bQueue::bQueue()
                0x00000000080038d0                bQueue::bQueue()
 .text._ZN6bQueue7isemptyEv
                0x00000000080038dc        0xc obj/bqueue.o
                0x00000000080038dc                bQueue::isempty()
 .text._ZN6bQueue7enqueueEh
                0x00000000080038e8       0x28 obj/bqueue.o
                0x00000000080038e8                bQueue::enqueue(unsigned char)
 .text._ZN6bQueue7dequeueEPh
                0x0000000008003910       0x28 obj/bqueue.o
                0x0000000008003910                bQueue::dequeue(unsigned char*)
 .text._ZN8usbIfaceC2EP6bQueueS1_
                0x0000000008003938        0x8 obj/usb_iface.o
                0x0000000008003938                usbIface::usbIface(bQueue*, bQueue*)
                0x0000000008003938                usbIface::usbIface(bQueue*, bQueue*)
 .text._ZN8usbIface10writeBytesEv
                0x0000000008003940       0x74 obj/usb_iface.o
                0x0000000008003940                usbIface::writeBytes()
 .text._ZN8usbIface6printfEPcz
                0x00000000080039b4       0x84 obj/usb_iface.o
                0x00000000080039b4                usbIface::printf(char*, ...)
 .text.startup.main
                0x0000000008003a38       0x74 obj/main.o
                0x0000000008003a38                main
 .text.memcpy   0x0000000008003aac       0x12 /usr/local/bin/gcc-arm-none-eabi/bin/../lib/gcc/arm-none-eabi/4.7.4/../../../../arm-none-eabi/lib/armv7e-m/fpu/libc_s.a(lib_a-memcpy.o)
                0x0000000008003aac                memcpy
 .text.memset   0x0000000008003abe       0x10 /usr/local/bin/gcc-arm-none-eabi/bin/../lib/gcc/arm-none-eabi/4.7.4/../../../../arm-none-eabi/lib/armv7e-m/fpu/libc_s.a(lib_a-memset.o)
                0x0000000008003abe                memset
 *fill*         0x0000000008003ace        0x2 00
 .text.printf   0x0000000008003ad0       0x30 /usr/local/bin/gcc-arm-none-eabi/bin/../lib/gcc/arm-none-eabi/4.7.4/../../../../arm-none-eabi/lib/armv7e-m/fpu/libc_s.a(lib_a-printf.o)
                0x0000000008003ad0                printf
                0x0000000008003ad0                iprintf
 .text.setvbuf  0x0000000008003b00      0x124 /usr/local/bin/gcc-arm-none-eabi/bin/../lib/gcc/arm-none-eabi/4.7.4/../../../../arm-none-eabi/lib/armv7e-m/fpu/libc_s.a(lib_a-setvbuf.o)
                0x0000000008003b00                setvbuf
 .text.strlen   0x0000000008003c24       0x10 /usr/local/bin/gcc-arm-none-eabi/bin/../lib/gcc/arm-none-eabi/4.7.4/../../../../arm-none-eabi/lib/armv7e-m/fpu/libc_s.a(lib_a-strlen.o)
                0x0000000008003c24                strlen
 .text.__sfputc_r
                0x0000000008003c34       0x2c /usr/local/bin/gcc-arm-none-eabi/bin/../lib/gcc/arm-none-eabi/4.7.4/../../../../arm-none-eabi/lib/armv7e-m/fpu/libc_s.a(lib_a-vfprintf.o)
                0x0000000008003c34                __sfputc_r
 .text._vfprintf_r
                0x0000000008003c60      0x22c /usr/local/bin/gcc-arm-none-eabi/bin/../lib/gcc/arm-none-eabi/4.7.4/../../../../arm-none-eabi/lib/armv7e-m/fpu/libc_s.a(lib_a-vfprintf.o)
                0x0000000008003c60                _vfiprintf_r
                0x0000000008003c60                _vfprintf_r
 .text.__cvt    0x0000000008003e8c       0xda /usr/local/bin/gcc-arm-none-eabi/bin/../lib/gcc/arm-none-eabi/4.7.4/../../../../arm-none-eabi/lib/armv7e-m/fpu/libc_s.a(lib_a-vfprintf_float.o)
                0x0000000008003e8c                __cvt
 .text.__exponent
                0x0000000008003f66       0x5e /usr/local/bin/gcc-arm-none-eabi/bin/../lib/gcc/arm-none-eabi/4.7.4/../../../../arm-none-eabi/lib/armv7e-m/fpu/libc_s.a(lib_a-vfprintf_float.o)
                0x0000000008003f66                __exponent
 .text._printf_float
                0x0000000008003fc4      0x4a0 /usr/local/bin/gcc-arm-none-eabi/bin/../lib/gcc/arm-none-eabi/4.7.4/../../../../arm-none-eabi/lib/armv7e-m/fpu/libc_s.a(lib_a-vfprintf_float.o)
                0x0000000008003fc4                _printf_float
 .text._printf_common
                0x0000000008004464       0xde /usr/local/bin/gcc-arm-none-eabi/bin/../lib/gcc/arm-none-eabi/4.7.4/../../../../arm-none-eabi/lib/armv7e-m/fpu/libc_s.a(lib_a-vfprintf_i.o)
                0x0000000008004464                _printf_common
 *fill*         0x0000000008004542        0x2 00
 .text._printf_i
                0x0000000008004544      0x248 /usr/local/bin/gcc-arm-none-eabi/bin/../lib/gcc/arm-none-eabi/4.7.4/../../../../arm-none-eabi/lib/armv7e-m/fpu/libc_s.a(lib_a-vfprintf_i.o)
                0x0000000008004544                _printf_i
 .text._vsprintf_r
                0x000000000800478c       0x30 /usr/local/bin/gcc-arm-none-eabi/bin/../lib/gcc/arm-none-eabi/4.7.4/../../../../arm-none-eabi/lib/armv7e-m/fpu/libc_s.a(lib_a-vsprintf.o)
                0x000000000800478c                _vsiprintf_r
                0x000000000800478c                _vsprintf_r
 .text.vsprintf
                0x00000000080047bc       0x1c /usr/local/bin/gcc-arm-none-eabi/bin/../lib/gcc/arm-none-eabi/4.7.4/../../../../arm-none-eabi/lib/armv7e-m/fpu/libc_s.a(lib_a-vsprintf.o)
                0x00000000080047bc                vsprintf
                0x00000000080047bc                vsiprintf
 .text.__swbuf_r
                0x00000000080047d8       0xb4 /usr/local/bin/gcc-arm-none-eabi/bin/../lib/gcc/arm-none-eabi/4.7.4/../../../../arm-none-eabi/lib/armv7e-m/fpu/libc_s.a(lib_a-wbuf.o)
                0x00000000080047d8                __swbuf_r
 .text.__swsetup_r
                0x000000000800488c       0xec /usr/local/bin/gcc-arm-none-eabi/bin/../lib/gcc/arm-none-eabi/4.7.4/../../../../arm-none-eabi/lib/armv7e-m/fpu/libc_s.a(lib_a-wsetup.o)
                0x000000000800488c                __swsetup_r
 .text.quorem   0x0000000008004978      0x112 /usr/local/bin/gcc-arm-none-eabi/bin/../lib/gcc/arm-none-eabi/4.7.4/../../../../arm-none-eabi/lib/armv7e-m/fpu/libc_s.a(lib_a-dtoa.o)
 *fill*         0x0000000008004a8a        0x6 00
 .text._dtoa_r  0x0000000008004a90      0xb40 /usr/local/bin/gcc-arm-none-eabi/bin/../lib/gcc/arm-none-eabi/4.7.4/../../../../arm-none-eabi/lib/armv7e-m/fpu/libc_s.a(lib_a-dtoa.o)
                0x0000000008004a90                _dtoa_r
 .text._fflush_r
                0x00000000080055d0      0x14c /usr/local/bin/gcc-arm-none-eabi/bin/../lib/gcc/arm-none-eabi/4.7.4/../../../../arm-none-eabi/lib/armv7e-m/fpu/libc_s.a(lib_a-fflush.o)
                0x00000000080055d0                _fflush_r
 .text._cleanup_r
                0x000000000800571c       0x32 /usr/local/bin/gcc-arm-none-eabi/bin/../lib/gcc/arm-none-eabi/4.7.4/../../../../arm-none-eabi/lib/armv7e-m/fpu/libc_s.a(lib_a-findfp.o)
                0x000000000800571c                _cleanup_r
 *fill*         0x000000000800574e        0x2 00
 .text.std.isra.0
                0x0000000008005750       0x48 /usr/local/bin/gcc-arm-none-eabi/bin/../lib/gcc/arm-none-eabi/4.7.4/../../../../arm-none-eabi/lib/armv7e-m/fpu/libc_s.a(lib_a-findfp.o)
 .text.__sfmoreglue
                0x0000000008005798       0x2a /usr/local/bin/gcc-arm-none-eabi/bin/../lib/gcc/arm-none-eabi/4.7.4/../../../../arm-none-eabi/lib/armv7e-m/fpu/libc_s.a(lib_a-findfp.o)
                0x0000000008005798                __sfmoreglue
 *fill*         0x00000000080057c2        0x2 00
 .text.__sinit  0x00000000080057c4       0x58 /usr/local/bin/gcc-arm-none-eabi/bin/../lib/gcc/arm-none-eabi/4.7.4/../../../../arm-none-eabi/lib/armv7e-m/fpu/libc_s.a(lib_a-findfp.o)
                0x00000000080057c4                __sinit
 .text.__sfp    0x000000000800581c       0x78 /usr/local/bin/gcc-arm-none-eabi/bin/../lib/gcc/arm-none-eabi/4.7.4/../../../../arm-none-eabi/lib/armv7e-m/fpu/libc_s.a(lib_a-findfp.o)
                0x000000000800581c                __sfp
 .text._free_r  0x0000000008005894       0x88 /usr/local/bin/gcc-arm-none-eabi/bin/../lib/gcc/arm-none-eabi/4.7.4/../../../../arm-none-eabi/lib/armv7e-m/fpu/libc_s.a(lib_a-freer.o)
                0x0000000008005894                _free_r
 .text._localeconv_r
                0x000000000800591c        0x8 /usr/local/bin/gcc-arm-none-eabi/bin/../lib/gcc/arm-none-eabi/4.7.4/../../../../arm-none-eabi/lib/armv7e-m/fpu/libc_s.a(lib_a-locale.o)
                0x000000000800591c                _localeconv_r
 .text.__smakebuf_r
                0x0000000008005924       0xa8 /usr/local/bin/gcc-arm-none-eabi/bin/../lib/gcc/arm-none-eabi/4.7.4/../../../../arm-none-eabi/lib/armv7e-m/fpu/libc_s.a(lib_a-makebuf.o)
                0x0000000008005924                __smakebuf_r
 .text.malloc   0x00000000080059cc       0x10 /usr/local/bin/gcc-arm-none-eabi/bin/../lib/gcc/arm-none-eabi/4.7.4/../../../../arm-none-eabi/lib/armv7e-m/fpu/libc_s.a(lib_a-malloc.o)
                0x00000000080059cc                malloc
 .text._malloc_r
                0x00000000080059dc       0x94 /usr/local/bin/gcc-arm-none-eabi/bin/../lib/gcc/arm-none-eabi/4.7.4/../../../../arm-none-eabi/lib/armv7e-m/fpu/libc_s.a(lib_a-mallocr.o)
                0x00000000080059dc                _malloc_r
 .text.memchr   0x0000000008005a70       0x1c /usr/local/bin/gcc-arm-none-eabi/bin/../lib/gcc/arm-none-eabi/4.7.4/../../../../arm-none-eabi/lib/armv7e-m/fpu/libc_s.a(lib_a-memchr.o)
                0x0000000008005a70                memchr
 .text._Balloc  0x0000000008005a8c       0x6a /usr/local/bin/gcc-arm-none-eabi/bin/../lib/gcc/arm-none-eabi/4.7.4/../../../../arm-none-eabi/lib/armv7e-m/fpu/libc_s.a(lib_a-mprec.o)
                0x0000000008005a8c                _Balloc
 .text._Bfree   0x0000000008005af6       0x2e /usr/local/bin/gcc-arm-none-eabi/bin/../lib/gcc/arm-none-eabi/4.7.4/../../../../arm-none-eabi/lib/armv7e-m/fpu/libc_s.a(lib_a-mprec.o)
                0x0000000008005af6                _Bfree
 .text.__multadd
                0x0000000008005b24       0x78 /usr/local/bin/gcc-arm-none-eabi/bin/../lib/gcc/arm-none-eabi/4.7.4/../../../../arm-none-eabi/lib/armv7e-m/fpu/libc_s.a(lib_a-mprec.o)
                0x0000000008005b24                __multadd
 .text.__hi0bits
                0x0000000008005b9c       0x3e /usr/local/bin/gcc-arm-none-eabi/bin/../lib/gcc/arm-none-eabi/4.7.4/../../../../arm-none-eabi/lib/armv7e-m/fpu/libc_s.a(lib_a-mprec.o)
                0x0000000008005b9c                __hi0bits
 .text.__lo0bits
                0x0000000008005bda       0x5a /usr/local/bin/gcc-arm-none-eabi/bin/../lib/gcc/arm-none-eabi/4.7.4/../../../../arm-none-eabi/lib/armv7e-m/fpu/libc_s.a(lib_a-mprec.o)
                0x0000000008005bda                __lo0bits
 .text.__i2b    0x0000000008005c34       0x12 /usr/local/bin/gcc-arm-none-eabi/bin/../lib/gcc/arm-none-eabi/4.7.4/../../../../arm-none-eabi/lib/armv7e-m/fpu/libc_s.a(lib_a-mprec.o)
                0x0000000008005c34                __i2b
 .text.__multiply
                0x0000000008005c46      0x122 /usr/local/bin/gcc-arm-none-eabi/bin/../lib/gcc/arm-none-eabi/4.7.4/../../../../arm-none-eabi/lib/armv7e-m/fpu/libc_s.a(lib_a-mprec.o)
                0x0000000008005c46                __multiply
 .text.__pow5mult
                0x0000000008005d68       0xa4 /usr/local/bin/gcc-arm-none-eabi/bin/../lib/gcc/arm-none-eabi/4.7.4/../../../../arm-none-eabi/lib/armv7e-m/fpu/libc_s.a(lib_a-mprec.o)
                0x0000000008005d68                __pow5mult
 .text.__lshift
                0x0000000008005e0c       0xa8 /usr/local/bin/gcc-arm-none-eabi/bin/../lib/gcc/arm-none-eabi/4.7.4/../../../../arm-none-eabi/lib/armv7e-m/fpu/libc_s.a(lib_a-mprec.o)
                0x0000000008005e0c                __lshift
 .text.__mcmp   0x0000000008005eb4       0x3a /usr/local/bin/gcc-arm-none-eabi/bin/../lib/gcc/arm-none-eabi/4.7.4/../../../../arm-none-eabi/lib/armv7e-m/fpu/libc_s.a(lib_a-mprec.o)
                0x0000000008005eb4                __mcmp
 .text.__mdiff  0x0000000008005eee       0xc2 /usr/local/bin/gcc-arm-none-eabi/bin/../lib/gcc/arm-none-eabi/4.7.4/../../../../arm-none-eabi/lib/armv7e-m/fpu/libc_s.a(lib_a-mprec.o)
                0x0000000008005eee                __mdiff
 .text.__d2b    0x0000000008005fb0       0xa4 /usr/local/bin/gcc-arm-none-eabi/bin/../lib/gcc/arm-none-eabi/4.7.4/../../../../arm-none-eabi/lib/armv7e-m/fpu/libc_s.a(lib_a-mprec.o)
                0x0000000008005fb0                __d2b
 .text._realloc_r
                0x0000000008006054       0x48 /usr/local/bin/gcc-arm-none-eabi/bin/../lib/gcc/arm-none-eabi/4.7.4/../../../../arm-none-eabi/lib/armv7e-m/fpu/libc_s.a(lib_a-reallocr.o)
                0x0000000008006054                _realloc_r
 .text.__fpclassifyd
                0x000000000800609c       0x6c /usr/local/bin/gcc-arm-none-eabi/bin/../lib/gcc/arm-none-eabi/4.7.4/../../../../arm-none-eabi/lib/armv7e-m/fpu/libc_s.a(lib_a-s_fpclassify.o)
                0x000000000800609c                __fpclassifyd
 .text._sbrk_r  0x0000000008006108       0x20 /usr/local/bin/gcc-arm-none-eabi/bin/../lib/gcc/arm-none-eabi/4.7.4/../../../../arm-none-eabi/lib/armv7e-m/fpu/libc_s.a(lib_a-sbrkr.o)
                0x0000000008006108                _sbrk_r
 .text.__sread  0x0000000008006128       0x22 /usr/local/bin/gcc-arm-none-eabi/bin/../lib/gcc/arm-none-eabi/4.7.4/../../../../arm-none-eabi/lib/armv7e-m/fpu/libc_s.a(lib_a-stdio.o)
                0x0000000008006128                __sread
 .text.__swrite
                0x000000000800614a       0x3c /usr/local/bin/gcc-arm-none-eabi/bin/../lib/gcc/arm-none-eabi/4.7.4/../../../../arm-none-eabi/lib/armv7e-m/fpu/libc_s.a(lib_a-stdio.o)
                0x000000000800614a                __swrite
 .text.__sseek  0x0000000008006186       0x24 /usr/local/bin/gcc-arm-none-eabi/bin/../lib/gcc/arm-none-eabi/4.7.4/../../../../arm-none-eabi/lib/armv7e-m/fpu/libc_s.a(lib_a-stdio.o)
                0x0000000008006186                __sseek
 .text.__sclose
                0x00000000080061aa        0x8 /usr/local/bin/gcc-arm-none-eabi/bin/../lib/gcc/arm-none-eabi/4.7.4/../../../../arm-none-eabi/lib/armv7e-m/fpu/libc_s.a(lib_a-stdio.o)
                0x00000000080061aa                __sclose
 .text.__ssputc_r
                0x00000000080061b2       0xae /usr/local/bin/gcc-arm-none-eabi/bin/../lib/gcc/arm-none-eabi/4.7.4/../../../../arm-none-eabi/lib/armv7e-m/fpu/libc_s.a(lib_a-svfprintf.o)
                0x00000000080061b2                __ssputc_r
 .text._svfprintf_r
                0x0000000008006260      0x1f4 /usr/local/bin/gcc-arm-none-eabi/bin/../lib/gcc/arm-none-eabi/4.7.4/../../../../arm-none-eabi/lib/armv7e-m/fpu/libc_s.a(lib_a-svfprintf.o)
                0x0000000008006260                _svfprintf_r
                0x0000000008006260                _svfiprintf_r
 .text._write_r
                0x0000000008006454       0x24 /usr/local/bin/gcc-arm-none-eabi/bin/../lib/gcc/arm-none-eabi/4.7.4/../../../../arm-none-eabi/lib/armv7e-m/fpu/libc_s.a(lib_a-writer.o)
                0x0000000008006454                _write_r
 .text._calloc_r
                0x0000000008006478       0x1c /usr/local/bin/gcc-arm-none-eabi/bin/../lib/gcc/arm-none-eabi/4.7.4/../../../../arm-none-eabi/lib/armv7e-m/fpu/libc_s.a(lib_a-callocr.o)
                0x0000000008006478                _calloc_r
 .text._close_r
                0x0000000008006494       0x20 /usr/local/bin/gcc-arm-none-eabi/bin/../lib/gcc/arm-none-eabi/4.7.4/../../../../arm-none-eabi/lib/armv7e-m/fpu/libc_s.a(lib_a-closer.o)
                0x0000000008006494                _close_r
 .text._fstat_r
                0x00000000080064b4       0x24 /usr/local/bin/gcc-arm-none-eabi/bin/../lib/gcc/arm-none-eabi/4.7.4/../../../../arm-none-eabi/lib/armv7e-m/fpu/libc_s.a(lib_a-fstatr.o)
                0x00000000080064b4                _fstat_r
 .text._isatty_r
                0x00000000080064d8       0x20 /usr/local/bin/gcc-arm-none-eabi/bin/../lib/gcc/arm-none-eabi/4.7.4/../../../../arm-none-eabi/lib/armv7e-m/fpu/libc_s.a(lib_a-isattyr.o)
                0x00000000080064d8                _isatty_r
 .text._lseek_r
                0x00000000080064f8       0x24 /usr/local/bin/gcc-arm-none-eabi/bin/../lib/gcc/arm-none-eabi/4.7.4/../../../../arm-none-eabi/lib/armv7e-m/fpu/libc_s.a(lib_a-lseekr.o)
                0x00000000080064f8                _lseek_r
 .text._malloc_usable_size_r
                0x000000000800651c       0x12 /usr/local/bin/gcc-arm-none-eabi/bin/../lib/gcc/arm-none-eabi/4.7.4/../../../../arm-none-eabi/lib/armv7e-m/fpu/libc_s.a(lib_a-msizer.o)
                0x000000000800651c                _malloc_usable_size_r
 *fill*         0x000000000800652e        0x2 00
 .text._read_r  0x0000000008006530       0x24 /usr/local/bin/gcc-arm-none-eabi/bin/../lib/gcc/arm-none-eabi/4.7.4/../../../../arm-none-eabi/lib/armv7e-m/fpu/libc_s.a(lib_a-readr.o)
                0x0000000008006530                _read_r
 *(.rodata)
 *(.rodata*)
 .rodata.Virtual_Com_Port_StringLangID
                0x0000000008006554        0x4 obj/mUSB.o
                0x0000000008006554                Virtual_Com_Port_StringLangID
 .rodata.Virtual_Com_Port_ConfigDescriptor
                0x0000000008006558       0x44 obj/mUSB.o
                0x0000000008006558                Virtual_Com_Port_ConfigDescriptor
 .rodata.str1.4
                0x000000000800659c       0x27 obj/mUSB.o
                                         0x28 (size before relaxing)
 *fill*         0x00000000080065c3        0x1 00
 .rodata.Virtual_Com_Port_StringProduct
                0x00000000080065c4       0x34 obj/mUSB.o
                0x00000000080065c4                Virtual_Com_Port_StringProduct
 .rodata.Virtual_Com_Port_DeviceDescriptor
                0x00000000080065f8       0x14 obj/mUSB.o
                0x00000000080065f8                Virtual_Com_Port_DeviceDescriptor
 .rodata.Virtual_Com_Port_StringVendor
                0x000000000800660c       0x28 obj/mUSB.o
                0x000000000800660c                Virtual_Com_Port_StringVendor
 .rodata.CPAL_I2C_SCL_GPIO_PINSOURCE
                0x0000000008006634        0x4 obj/stm32f37x_i2c_cpal_hal.o
                0x0000000008006634                CPAL_I2C_SCL_GPIO_PINSOURCE
 .rodata.CPAL_I2C_RXDR
                0x0000000008006638        0x8 obj/stm32f37x_i2c_cpal_hal.o
                0x0000000008006638                CPAL_I2C_RXDR
 .rodata.I2C_IT_DMATX_SUBPRIO
                0x0000000008006640        0x4 obj/stm32f37x_i2c_cpal_hal.o
                0x0000000008006640                I2C_IT_DMATX_SUBPRIO
 .rodata.CPAL_I2C_TXDR
                0x0000000008006644        0x8 obj/stm32f37x_i2c_cpal_hal.o
                0x0000000008006644                CPAL_I2C_TXDR
 .rodata.I2C_IT_EVT_SUBPRIO
                0x000000000800664c        0x4 obj/stm32f37x_i2c_cpal_hal.o
                0x000000000800664c                I2C_IT_EVT_SUBPRIO
 .rodata.CPAL_I2C_DMA_TX_HT_FLAG
                0x0000000008006650        0x8 obj/stm32f37x_i2c_cpal_hal.o
                0x0000000008006650                CPAL_I2C_DMA_TX_HT_FLAG
 .rodata.CPAL_I2C_IT_ERR_IRQn
                0x0000000008006658        0x4 obj/stm32f37x_i2c_cpal_hal.o
                0x0000000008006658                CPAL_I2C_IT_ERR_IRQn
 .rodata.CPAL_I2C_SDA_GPIO_PIN
                0x000000000800665c        0x4 obj/stm32f37x_i2c_cpal_hal.o
                0x000000000800665c                CPAL_I2C_SDA_GPIO_PIN
 .rodata.CPAL_I2C_DMA_RX_TC_FLAG
                0x0000000008006660        0x8 obj/stm32f37x_i2c_cpal_hal.o
                0x0000000008006660                CPAL_I2C_DMA_RX_TC_FLAG
 .rodata.CPAL_I2C_IT_EVT_IRQn
                0x0000000008006668        0x4 obj/stm32f37x_i2c_cpal_hal.o
                0x0000000008006668                CPAL_I2C_IT_EVT_IRQn
 .rodata.I2C_IT_ERR_PREPRIO
                0x000000000800666c        0x4 obj/stm32f37x_i2c_cpal_hal.o
                0x000000000800666c                I2C_IT_ERR_PREPRIO
 .rodata.I2C_IT_DMARX_PREPRIO
                0x0000000008006670        0x4 obj/stm32f37x_i2c_cpal_hal.o
                0x0000000008006670                I2C_IT_DMARX_PREPRIO
 .rodata.CPAL_I2C_SCL_GPIO_PIN
                0x0000000008006674        0x4 obj/stm32f37x_i2c_cpal_hal.o
                0x0000000008006674                CPAL_I2C_SCL_GPIO_PIN
 .rodata.CPAL_I2C_CLK
                0x0000000008006678        0x8 obj/stm32f37x_i2c_cpal_hal.o
                0x0000000008006678                CPAL_I2C_CLK
 .rodata.CPAL_I2C_AF
                0x0000000008006680        0x8 obj/stm32f37x_i2c_cpal_hal.o
                0x0000000008006680                CPAL_I2C_AF
 .rodata.CPAL_I2C_DMA_RX_IRQn
                0x0000000008006688        0x4 obj/stm32f37x_i2c_cpal_hal.o
                0x0000000008006688                CPAL_I2C_DMA_RX_IRQn
 .rodata.CPAL_I2C_DMA_TX_TE_FLAG
                0x000000000800668c        0x8 obj/stm32f37x_i2c_cpal_hal.o
                0x000000000800668c                CPAL_I2C_DMA_TX_TE_FLAG
 .rodata.CPAL_I2C_DMA_TX_TC_FLAG
                0x0000000008006694        0x8 obj/stm32f37x_i2c_cpal_hal.o
                0x0000000008006694                CPAL_I2C_DMA_TX_TC_FLAG
 .rodata.I2C_IT_DMATX_PREPRIO
                0x000000000800669c        0x4 obj/stm32f37x_i2c_cpal_hal.o
                0x000000000800669c                I2C_IT_DMATX_PREPRIO
 .rodata.CPAL_I2C_DMA_RX_TE_FLAG
                0x00000000080066a0        0x8 obj/stm32f37x_i2c_cpal_hal.o
                0x00000000080066a0                CPAL_I2C_DMA_RX_TE_FLAG
 .rodata.I2C_IT_EVT_PREPRIO
                0x00000000080066a8        0x4 obj/stm32f37x_i2c_cpal_hal.o
                0x00000000080066a8                I2C_IT_EVT_PREPRIO
 .rodata.CPAL_I2C_SDA_GPIO_PINSOURCE
                0x00000000080066ac        0x4 obj/stm32f37x_i2c_cpal_hal.o
                0x00000000080066ac                CPAL_I2C_SDA_GPIO_PINSOURCE
 .rodata.I2C_IT_ERR_SUBPRIO
                0x00000000080066b0        0x4 obj/stm32f37x_i2c_cpal_hal.o
                0x00000000080066b0                I2C_IT_ERR_SUBPRIO
 .rodata.I2C_IT_DMARX_SUBPRIO
                0x00000000080066b4        0x4 obj/stm32f37x_i2c_cpal_hal.o
                0x00000000080066b4                I2C_IT_DMARX_SUBPRIO
 .rodata.CPAL_I2C_SDA_GPIO_CLK
                0x00000000080066b8        0x8 obj/stm32f37x_i2c_cpal_hal.o
                0x00000000080066b8                CPAL_I2C_SDA_GPIO_CLK
 .rodata.CPAL_I2C_DMA_TX_IRQn
                0x00000000080066c0        0x4 obj/stm32f37x_i2c_cpal_hal.o
                0x00000000080066c0                CPAL_I2C_DMA_TX_IRQn
 .rodata.CPAL_I2C_DMA_CLK
                0x00000000080066c4        0x8 obj/stm32f37x_i2c_cpal_hal.o
                0x00000000080066c4                CPAL_I2C_DMA_CLK
 .rodata.CPAL_I2C_DMA_RX_HT_FLAG
                0x00000000080066cc        0x8 obj/stm32f37x_i2c_cpal_hal.o
                0x00000000080066cc                CPAL_I2C_DMA_RX_HT_FLAG
 .rodata.CPAL_I2C_SCL_GPIO_CLK
                0x00000000080066d4        0x8 obj/stm32f37x_i2c_cpal_hal.o
                0x00000000080066d4                CPAL_I2C_SCL_GPIO_CLK
 .rodata.str1.4
                0x00000000080066dc       0x10 obj/main.o
 .rodata.str1.1
                0x00000000080066ec        0x2 /usr/local/bin/gcc-arm-none-eabi/bin/../lib/gcc/arm-none-eabi/4.7.4/../../../../arm-none-eabi/lib/armv7e-m/fpu/libc_s.a(lib_a-impure.o)
 *fill*         0x00000000080066ee        0x2 00
 .rodata._global_impure_ptr
                0x00000000080066f0        0x4 /usr/local/bin/gcc-arm-none-eabi/bin/../lib/gcc/arm-none-eabi/4.7.4/../../../../arm-none-eabi/lib/armv7e-m/fpu/libc_s.a(lib_a-impure.o)
                0x00000000080066f0                _global_impure_ptr
 .rodata.str1.1
                0x00000000080066f4       0x11 /usr/local/bin/gcc-arm-none-eabi/bin/../lib/gcc/arm-none-eabi/4.7.4/../../../../arm-none-eabi/lib/armv7e-m/fpu/libc_s.a(lib_a-vfprintf.o)
 .rodata.str1.1
                0x0000000008006705       0x10 /usr/local/bin/gcc-arm-none-eabi/bin/../lib/gcc/arm-none-eabi/4.7.4/../../../../arm-none-eabi/lib/armv7e-m/fpu/libc_s.a(lib_a-vfprintf_float.o)
 .rodata.str1.1
                0x0000000008006715       0x22 /usr/local/bin/gcc-arm-none-eabi/bin/../lib/gcc/arm-none-eabi/4.7.4/../../../../arm-none-eabi/lib/armv7e-m/fpu/libc_s.a(lib_a-vfprintf_i.o)
 .rodata.str1.1
                0x0000000008006737        0xf /usr/local/bin/gcc-arm-none-eabi/bin/../lib/gcc/arm-none-eabi/4.7.4/../../../../arm-none-eabi/lib/armv7e-m/fpu/libc_s.a(lib_a-dtoa.o)
 *fill*         0x0000000008006746        0x2 00
 .rodata.__sf_fake_stdin
                0x0000000008006748       0x20 /usr/local/bin/gcc-arm-none-eabi/bin/../lib/gcc/arm-none-eabi/4.7.4/../../../../arm-none-eabi/lib/armv7e-m/fpu/libc_s.a(lib_a-findfp.o)
                0x0000000008006748                __sf_fake_stdin
 .rodata.__sf_fake_stdout
                0x0000000008006768       0x20 /usr/local/bin/gcc-arm-none-eabi/bin/../lib/gcc/arm-none-eabi/4.7.4/../../../../arm-none-eabi/lib/armv7e-m/fpu/libc_s.a(lib_a-findfp.o)
                0x0000000008006768                __sf_fake_stdout
 .rodata.__sf_fake_stderr
                0x0000000008006788       0x20 /usr/local/bin/gcc-arm-none-eabi/bin/../lib/gcc/arm-none-eabi/4.7.4/../../../../arm-none-eabi/lib/armv7e-m/fpu/libc_s.a(lib_a-findfp.o)
                0x0000000008006788                __sf_fake_stderr
 .rodata.str1.1
                0x00000000080067a8        0x8 /usr/local/bin/gcc-arm-none-eabi/bin/../lib/gcc/arm-none-eabi/4.7.4/../../../../arm-none-eabi/lib/armv7e-m/fpu/libc_s.a(lib_a-locale.o)
                                          0xb (size before relaxing)
 .rodata.__mprec_tens
                0x00000000080067b0       0xc8 /usr/local/bin/gcc-arm-none-eabi/bin/../lib/gcc/arm-none-eabi/4.7.4/../../../../arm-none-eabi/lib/armv7e-m/fpu/libc_s.a(lib_a-mprec.o)
                0x00000000080067b0                __mprec_tens
 .rodata.p05.5252
                0x0000000008006878        0xc /usr/local/bin/gcc-arm-none-eabi/bin/../lib/gcc/arm-none-eabi/4.7.4/../../../../arm-none-eabi/lib/armv7e-m/fpu/libc_s.a(lib_a-mprec.o)
 *fill*         0x0000000008006884        0x4 00
 .rodata.__mprec_bigtens
                0x0000000008006888       0x28 /usr/local/bin/gcc-arm-none-eabi/bin/../lib/gcc/arm-none-eabi/4.7.4/../../../../arm-none-eabi/lib/armv7e-m/fpu/libc_s.a(lib_a-mprec.o)
                0x0000000008006888                __mprec_bigtens
 .rodata.str1.1
                0x0000000000000000       0x11 /usr/local/bin/gcc-arm-none-eabi/bin/../lib/gcc/arm-none-eabi/4.7.4/../../../../arm-none-eabi/lib/armv7e-m/fpu/libc_s.a(lib_a-svfprintf.o)
 *(.glue_7)
 .glue_7        0x0000000000000000        0x0 linker stubs
 *(.glue_7t)
 .glue_7t       0x0000000000000000        0x0 linker stubs
 *(.init)
 .init          0x00000000080068b0        0x4 /usr/local/bin/gcc-arm-none-eabi/bin/../lib/gcc/arm-none-eabi/4.7.4/armv7e-m/fpu/crti.o
                0x00000000080068b0                _init
 .init          0x00000000080068b4        0x8 /usr/local/bin/gcc-arm-none-eabi/bin/../lib/gcc/arm-none-eabi/4.7.4/armv7e-m/fpu/crtn.o
 *(.fini)
 .fini          0x00000000080068bc        0x4 /usr/local/bin/gcc-arm-none-eabi/bin/../lib/gcc/arm-none-eabi/4.7.4/armv7e-m/fpu/crti.o
                0x00000000080068bc                _fini
 .fini          0x00000000080068c0        0x8 /usr/local/bin/gcc-arm-none-eabi/bin/../lib/gcc/arm-none-eabi/4.7.4/armv7e-m/fpu/crtn.o
                0x00000000080068c8                . = ALIGN (0x4)
                0x00000000080068c8                _etext = .

.vfp11_veneer   0x00000000080068c8        0x0
 .vfp11_veneer  0x0000000000000000        0x0 linker stubs

.v4_bx          0x00000000080068c8        0x0
 .v4_bx         0x0000000000000000        0x0 linker stubs

.iplt           0x00000000080068c8        0x0
 .iplt          0x0000000000000000        0x0 /usr/local/bin/gcc-arm-none-eabi/bin/../lib/gcc/arm-none-eabi/4.7.4/armv7e-m/fpu/crtbegin.o

.rel.dyn        0x00000000080068c8        0x0
 .rel.iplt      0x0000000000000000        0x0 /usr/local/bin/gcc-arm-none-eabi/bin/../lib/gcc/arm-none-eabi/4.7.4/armv7e-m/fpu/crtbegin.o

.ARM.extab
 *(.ARM.extab* .gnu.linkonce.armextab.*)

.ARM            0x00000000080068c8        0x0
                0x00000000080068c8                __exidx_start = .
 *(.ARM.exidx*)
                0x00000000080068c8                __exidx_end = .

.preinit_array  0x00000000080068c8        0x0
                0x00000000080068c8                PROVIDE (__preinit_array_start, .)
 *(.preinit_array*)
                0x00000000080068c8                PROVIDE (__preinit_array_end, .)

.init_array     0x00000000080068c8        0x4
                0x00000000080068c8                PROVIDE (__init_array_start, .)
 *(SORT(.init_array.*))
 *(.init_array*)
 .init_array    0x00000000080068c8        0x4 /usr/local/bin/gcc-arm-none-eabi/bin/../lib/gcc/arm-none-eabi/4.7.4/armv7e-m/fpu/crtbegin.o
                0x00000000080068cc                PROVIDE (__init_array_end, .)

.fini_array     0x00000000080068cc        0x4
                0x00000000080068cc                PROVIDE (__fini_array_start, .)
 *(.fini_array*)
 .fini_array    0x00000000080068cc        0x4 /usr/local/bin/gcc-arm-none-eabi/bin/../lib/gcc/arm-none-eabi/4.7.4/armv7e-m/fpu/crtbegin.o
 *(SORT(.fini_array.*))
                0x00000000080068d0                PROVIDE (__fini_array_end, .)
                0x00000000080068d0                _sidata = .

.data           0x0000000020000000      0x204 load address 0x00000000080068d0
                0x0000000020000000                . = ALIGN (0x4)
                0x0000000020000000                _sdata = .
 *(.data)
 *(.data*)
 .data.Config_Descriptor
                0x0000000020000000        0x8 obj/mUSB.o
                0x0000000020000000                Config_Descriptor
 .data.pEpInt_IN
                0x0000000020000008       0x1c obj/mUSB.o
                0x0000000020000008                pEpInt_IN
 .data.Device_Property
                0x0000000020000024       0x30 obj/mUSB.o
                0x0000000020000024                Device_Property
 .data.Device_Descriptor
                0x0000000020000054        0x8 obj/mUSB.o
                0x0000000020000054                Device_Descriptor
 .data.Virtual_Com_Port_StringSerial
                0x000000002000005c       0x1c obj/mUSB.o
                0x000000002000005c                Virtual_Com_Port_StringSerial
 .data.linecoding
                0x0000000020000078        0x8 obj/mUSB.o
                0x0000000020000078                linecoding
 .data.User_Standard_Requests
                0x0000000020000080       0x24 obj/mUSB.o
                0x0000000020000080                User_Standard_Requests
 .data.String_Descriptor
                0x00000000200000a4       0x20 obj/mUSB.o
                0x00000000200000a4                String_Descriptor
 .data.Device_Table
                0x00000000200000c4        0x4 obj/mUSB.o
                0x00000000200000c4                Device_Table
 .data.pEpInt_OUT
                0x00000000200000c8       0x1c obj/mUSB.o
                0x00000000200000c8                pEpInt_OUT
 .data.packet_sent
                0x00000000200000e4        0x4 obj/mUSB.o
                0x00000000200000e4                packet_sent
 .data.I2C1_DevStructure
                0x00000000200000e8       0x20 obj/stm32f37x_i2c_cpal_hal.o
                0x00000000200000e8                I2C1_DevStructure
 .data.I2C2_DevStructure
                0x0000000020000108       0x20 obj/stm32f37x_i2c_cpal_hal.o
                0x0000000020000108                I2C2_DevStructure
 .data.CPAL_I2C_SCL_GPIO_PORT
                0x0000000020000128        0x8 obj/stm32f37x_i2c_cpal_hal.o
                0x0000000020000128                CPAL_I2C_SCL_GPIO_PORT
 .data.I2C_DevStructures
                0x0000000020000130        0x8 obj/stm32f37x_i2c_cpal_hal.o
                0x0000000020000130                I2C_DevStructures
 .data.CPAL_I2C_DMA_TX_Channel
                0x0000000020000138        0x8 obj/stm32f37x_i2c_cpal_hal.o
                0x0000000020000138                CPAL_I2C_DMA_TX_Channel
 .data.CPAL_I2C_DEVICE
                0x0000000020000140        0x8 obj/stm32f37x_i2c_cpal_hal.o
                0x0000000020000140                CPAL_I2C_DEVICE
 .data.CPAL_I2C_SDA_GPIO_PORT
                0x0000000020000148        0x8 obj/stm32f37x_i2c_cpal_hal.o
                0x0000000020000148                CPAL_I2C_SDA_GPIO_PORT
 .data.CPAL_I2C_DMA
                0x0000000020000150        0x8 obj/stm32f37x_i2c_cpal_hal.o
                0x0000000020000150                CPAL_I2C_DMA
 .data.CPAL_I2C_DMA_RX_Channel
                0x0000000020000158        0x8 obj/stm32f37x_i2c_cpal_hal.o
                0x0000000020000158                CPAL_I2C_DMA_RX_Channel
 .data.SystemCoreClock
                0x0000000020000160        0x4 obj/system_stm32f37x.o
                0x0000000020000160                SystemCoreClock
 .data.impure_data
                0x0000000020000164       0x64 /usr/local/bin/gcc-arm-none-eabi/bin/../lib/gcc/arm-none-eabi/4.7.4/../../../../arm-none-eabi/lib/armv7e-m/fpu/libc_s.a(lib_a-impure.o)
 .data._impure_ptr
                0x00000000200001c8        0x4 /usr/local/bin/gcc-arm-none-eabi/bin/../lib/gcc/arm-none-eabi/4.7.4/../../../../arm-none-eabi/lib/armv7e-m/fpu/libc_s.a(lib_a-impure.o)
                0x00000000200001c8                _impure_ptr
 .data.lconv    0x00000000200001cc       0x38 /usr/local/bin/gcc-arm-none-eabi/bin/../lib/gcc/arm-none-eabi/4.7.4/../../../../arm-none-eabi/lib/armv7e-m/fpu/libc_s.a(lib_a-locale.o)
                0x0000000020000204                . = ALIGN (0x4)
                0x0000000020000204                _edata = .

.jcr            0x0000000020000204        0x0 load address 0x0000000008006ad4
 .jcr           0x0000000020000204        0x0 /usr/local/bin/gcc-arm-none-eabi/bin/../lib/gcc/arm-none-eabi/4.7.4/armv7e-m/fpu/crtbegin.o

.igot.plt       0x0000000020000204        0x0 load address 0x0000000008006ad4
 .igot.plt      0x0000000000000000        0x0 /usr/local/bin/gcc-arm-none-eabi/bin/../lib/gcc/arm-none-eabi/4.7.4/armv7e-m/fpu/crtbegin.o
                0x0000000020000204                . = ALIGN (0x4)

.bss            0x0000000020000204      0x168 load address 0x0000000008006ad4
                0x0000000020000204                _sbss = .
                0x0000000020000204                __bss_start__ = _sbss
 *(.bss)
 .bss           0x0000000020000204       0x1c /usr/local/bin/gcc-arm-none-eabi/bin/../lib/gcc/arm-none-eabi/4.7.4/armv7e-m/fpu/crtbegin.o
 *(.bss*)
 .bss.mBusTx    0x0000000020000220       0x10 obj/mBus.o
                0x0000000020000220                mBusTx
 .bss.mBusReadBurstReady
                0x0000000020000230        0x1 obj/mBus.o
                0x0000000020000230                mBusReadBurstReady
 .bss.mBusReadBurstStartFlag
                0x0000000020000231        0x1 obj/mBus.o
                0x0000000020000231                mBusReadBurstStartFlag
 *fill*         0x0000000020000232        0x2 00
 .bss.mBusRx    0x0000000020000234       0x10 obj/mBus.o
                0x0000000020000234                mBusRx
 .bss.Request   0x0000000020000244        0x1 obj/mUSB.o
                0x0000000020000244                Request
 *fill*         0x0000000020000245        0x3 00
 .bss.EP        0x0000000020000248       0x20 obj/mUSB.o
                0x0000000020000248                EP
 .bss.wCNTR     0x0000000020000268        0x4 obj/mUSB.o
                0x0000000020000268                wCNTR
 .bss.heap_end.11046
                0x000000002000026c        0x4 obj/mUSB.o
 .bss.EXTI_InitStructure
                0x0000000020000270        0x8 obj/mUSB.o
                0x0000000020000270                EXTI_InitStructure
 .bss.remotewakeupon
                0x0000000020000278        0x4 obj/mUSB.o
                0x0000000020000278                remotewakeupon
 .bss.ResumeS   0x000000002000027c        0x4 obj/mUSB.o
                0x000000002000027c                ResumeS
 .bss.esof_counter
                0x0000000020000280        0x4 obj/mUSB.o
                0x0000000020000280                esof_counter
 .bss.bIntPackSOF
                0x0000000020000284        0x1 obj/mUSB.o
                0x0000000020000284                bIntPackSOF
 *fill*         0x0000000020000285        0x1 00
 .bss.wIstr     0x0000000020000286        0x2 obj/mUSB.o
                0x0000000020000286                wIstr
 .bss.fSuspendEnabled
                0x0000000020000288        0x1 obj/mUSB.o
                0x0000000020000288                fSuspendEnabled
 *fill*         0x0000000020000289        0x3 00
 .bss.Receive_Buffer
                0x000000002000028c       0x40 obj/mUSB.o
                0x000000002000028c                Receive_Buffer
 .bss.packet_receive
                0x00000000200002cc        0x4 obj/mUSB.o
                0x00000000200002cc                packet_receive
 .bss.bDeviceState
                0x00000000200002d0        0x4 obj/mUSB.o
                0x00000000200002d0                bDeviceState
 .bss.Receive_length
                0x00000000200002d4        0x4 obj/mUSB.o
                0x00000000200002d4                Receive_length
 .bss.I2C_InitStructure
                0x00000000200002d8       0x1c obj/stm32f37x_i2c_cpal.o
                0x00000000200002d8                I2C_InitStructure
 .bss.Num_Data  0x00000000200002f4        0x4 obj/stm32f37x_i2c_cpal.o
                0x00000000200002f4                Num_Data
 .bss.CR2_tmp   0x00000000200002f8        0x4 obj/stm32f37x_i2c_cpal.o
                0x00000000200002f8                CR2_tmp
 .bss.CPAL_DMA_InitStructure
                0x00000000200002fc       0x2c obj/stm32f37x_i2c_cpal_hal.o
                0x00000000200002fc                CPAL_DMA_InitStructure
 .bss.Data_Mul_MaxPacketSize
                0x0000000020000328        0x1 obj/usb_core.o
                0x0000000020000328                Data_Mul_MaxPacketSize
 *fill*         0x0000000020000329        0x3 00
 .bss.StatusInfo
                0x000000002000032c        0x4 obj/usb_core.o
                0x000000002000032c                StatusInfo
 .bss.Device_Info
                0x0000000020000330       0x1c obj/usb_init.o
                0x0000000020000330                Device_Info
 .bss.EPindex   0x000000002000034c        0x1 obj/usb_init.o
                0x000000002000034c                EPindex
 *fill*         0x000000002000034d        0x3 00
 .bss.pInformation
                0x0000000020000350        0x4 obj/usb_init.o
                0x0000000020000350                pInformation
 .bss.pUser_Standard_Requests
                0x0000000020000354        0x4 obj/usb_init.o
                0x0000000020000354                pUser_Standard_Requests
 .bss.wInterrupt_Mask
                0x0000000020000358        0x2 obj/usb_init.o
                0x0000000020000358                wInterrupt_Mask
 *fill*         0x000000002000035a        0x2 00
 .bss.pProperty
                0x000000002000035c        0x4 obj/usb_init.o
                0x000000002000035c                pProperty
 .bss.SaveRState
                0x0000000020000360        0x2 obj/usb_int.o
                0x0000000020000360                SaveRState
 .bss.SaveTState
                0x0000000020000362        0x2 obj/usb_int.o
                0x0000000020000362                SaveTState
 .bss.__malloc_free_list
                0x0000000020000364        0x4 /usr/local/bin/gcc-arm-none-eabi/bin/../lib/gcc/arm-none-eabi/4.7.4/../../../../arm-none-eabi/lib/armv7e-m/fpu/libc_s.a(lib_a-mallocr.o)
                0x0000000020000364                __malloc_free_list
 *(COMMON)
 COMMON         0x0000000020000368        0x4 /usr/local/bin/gcc-arm-none-eabi/bin/../lib/gcc/arm-none-eabi/4.7.4/../../../../arm-none-eabi/lib/armv7e-m/fpu/libc_s.a(lib_a-reent.o)
                0x0000000020000368                errno
                0x000000002000036c                . = ALIGN (0x4)
                0x000000002000036c                _ebss = .
                0x000000002000036c                __bss_end__ = _ebss
                0x000000002000036c                PROVIDE (end, _ebss)
                0x000000002000036c                PROVIDE (_end, _ebss)

._user_heap_stack
                0x000000002000036c      0x400 load address 0x0000000008006c3c
                0x000000002000036c                . = ALIGN (0x4)
                0x000000002000036c                . = (. + _Min_Heap_Size)
                0x000000002000076c                . = (. + _Min_Stack_Size)
 *fill*         0x000000002000036c      0x400 00
                0x000000002000076c                . = ALIGN (0x4)

.ARM.attributes
                0x0000000000000000       0x32
 *(.ARM.attributes)
 .ARM.attributes
                0x0000000000000000       0x24 /usr/local/bin/gcc-arm-none-eabi/bin/../lib/gcc/arm-none-eabi/4.7.4/armv7e-m/fpu/crti.o
 .ARM.attributes
                0x0000000000000024       0x36 /usr/local/bin/gcc-arm-none-eabi/bin/../lib/gcc/arm-none-eabi/4.7.4/armv7e-m/fpu/crtbegin.o
 .ARM.attributes
                0x000000000000005a       0x37 obj/mBus.o
 .ARM.attributes
                0x0000000000000091       0x37 obj/mGeneral.o
 .ARM.attributes
                0x00000000000000c8       0x37 obj/mUSB.o
 .ARM.attributes
                0x00000000000000ff       0x37 obj/stm32f37x_it.o
 .ARM.attributes
                0x0000000000000136       0x37 obj/stm32f37x_i2c_cpal.o
 .ARM.attributes
                0x000000000000016d       0x37 obj/stm32f37x_i2c_cpal_hal.o
 .ARM.attributes
                0x00000000000001a4       0x37 obj/stm32f37x_dma.o
 .ARM.attributes
                0x00000000000001db       0x37 obj/stm32f37x_exti.o
 .ARM.attributes
                0x0000000000000212       0x37 obj/stm32f37x_gpio.o
 .ARM.attributes
                0x0000000000000249       0x37 obj/stm32f37x_i2c.o
 .ARM.attributes
                0x0000000000000280       0x37 obj/stm32f37x_misc.o
 .ARM.attributes
                0x00000000000002b7       0x37 obj/stm32f37x_rcc.o
 .ARM.attributes
                0x00000000000002ee       0x37 obj/system_stm32f37x.o
 .ARM.attributes
                0x0000000000000325       0x37 obj/usb_core.o
 .ARM.attributes
                0x000000000000035c       0x37 obj/usb_init.o
 .ARM.attributes
                0x0000000000000393       0x37 obj/usb_int.o
 .ARM.attributes
                0x00000000000003ca       0x37 obj/usb_mem.o
 .ARM.attributes
                0x0000000000000401       0x37 obj/usb_regs.o
 .ARM.attributes
                0x0000000000000438       0x37 obj/usb_sil.o
 .ARM.attributes
                0x000000000000046f       0x27 obj/startup_stm32f37x.o
 .ARM.attributes
                0x0000000000000496       0x37 obj/bqueue.o
 .ARM.attributes
                0x00000000000004cd       0x37 obj/usb_iface.o
 .ARM.attributes
                0x0000000000000504       0x37 obj/main.o
 .ARM.attributes
                0x000000000000053b       0x24 /usr/local/bin/gcc-arm-none-eabi/bin/../lib/gcc/arm-none-eabi/4.7.4/armv7e-m/fpu/libgcc.a(_arm_addsubdf3.o)
 .ARM.attributes
                0x000000000000055f       0x24 /usr/local/bin/gcc-arm-none-eabi/bin/../lib/gcc/arm-none-eabi/4.7.4/armv7e-m/fpu/libgcc.a(_arm_muldivdf3.o)
 .ARM.attributes
                0x0000000000000583       0x24 /usr/local/bin/gcc-arm-none-eabi/bin/../lib/gcc/arm-none-eabi/4.7.4/armv7e-m/fpu/libgcc.a(_arm_fixdfsi.o)
 .ARM.attributes
                0x00000000000005a7       0x36 /usr/local/bin/gcc-arm-none-eabi/bin/../lib/gcc/arm-none-eabi/4.7.4/../../../../arm-none-eabi/lib/armv7e-m/fpu/libc_s.a(lib_a-impure.o)
 .ARM.attributes
                0x00000000000005dd       0x36 /usr/local/bin/gcc-arm-none-eabi/bin/../lib/gcc/arm-none-eabi/4.7.4/../../../../arm-none-eabi/lib/armv7e-m/fpu/libc_s.a(lib_a-memcpy.o)
 .ARM.attributes
                0x0000000000000613       0x36 /usr/local/bin/gcc-arm-none-eabi/bin/../lib/gcc/arm-none-eabi/4.7.4/../../../../arm-none-eabi/lib/armv7e-m/fpu/libc_s.a(lib_a-memset.o)
 .ARM.attributes
                0x0000000000000649       0x36 /usr/local/bin/gcc-arm-none-eabi/bin/../lib/gcc/arm-none-eabi/4.7.4/../../../../arm-none-eabi/lib/armv7e-m/fpu/libc_s.a(lib_a-printf.o)
 .ARM.attributes
                0x000000000000067f       0x36 /usr/local/bin/gcc-arm-none-eabi/bin/../lib/gcc/arm-none-eabi/4.7.4/../../../../arm-none-eabi/lib/armv7e-m/fpu/libc_s.a(lib_a-setvbuf.o)
 .ARM.attributes
                0x00000000000006b5       0x36 /usr/local/bin/gcc-arm-none-eabi/bin/../lib/gcc/arm-none-eabi/4.7.4/../../../../arm-none-eabi/lib/armv7e-m/fpu/libc_s.a(lib_a-strlen.o)
 .ARM.attributes
                0x00000000000006eb       0x36 /usr/local/bin/gcc-arm-none-eabi/bin/../lib/gcc/arm-none-eabi/4.7.4/../../../../arm-none-eabi/lib/armv7e-m/fpu/libc_s.a(lib_a-vfprintf.o)
 .ARM.attributes
                0x0000000000000721       0x36 /usr/local/bin/gcc-arm-none-eabi/bin/../lib/gcc/arm-none-eabi/4.7.4/../../../../arm-none-eabi/lib/armv7e-m/fpu/libc_s.a(lib_a-vfprintf_float.o)
 .ARM.attributes
                0x0000000000000757       0x36 /usr/local/bin/gcc-arm-none-eabi/bin/../lib/gcc/arm-none-eabi/4.7.4/../../../../arm-none-eabi/lib/armv7e-m/fpu/libc_s.a(lib_a-vfprintf_i.o)
 .ARM.attributes
                0x000000000000078d       0x36 /usr/local/bin/gcc-arm-none-eabi/bin/../lib/gcc/arm-none-eabi/4.7.4/../../../../arm-none-eabi/lib/armv7e-m/fpu/libc_s.a(lib_a-vsprintf.o)
 .ARM.attributes
                0x00000000000007c3       0x36 /usr/local/bin/gcc-arm-none-eabi/bin/../lib/gcc/arm-none-eabi/4.7.4/../../../../arm-none-eabi/lib/armv7e-m/fpu/libc_s.a(lib_a-wbuf.o)
 .ARM.attributes
                0x00000000000007f9       0x36 /usr/local/bin/gcc-arm-none-eabi/bin/../lib/gcc/arm-none-eabi/4.7.4/../../../../arm-none-eabi/lib/armv7e-m/fpu/libc_s.a(lib_a-wsetup.o)
 .ARM.attributes
                0x000000000000082f       0x36 /usr/local/bin/gcc-arm-none-eabi/bin/../lib/gcc/arm-none-eabi/4.7.4/../../../../arm-none-eabi/lib/armv7e-m/fpu/libc_s.a(lib_a-dtoa.o)
 .ARM.attributes
                0x0000000000000865       0x36 /usr/local/bin/gcc-arm-none-eabi/bin/../lib/gcc/arm-none-eabi/4.7.4/../../../../arm-none-eabi/lib/armv7e-m/fpu/libc_s.a(lib_a-fflush.o)
 .ARM.attributes
                0x000000000000089b       0x36 /usr/local/bin/gcc-arm-none-eabi/bin/../lib/gcc/arm-none-eabi/4.7.4/../../../../arm-none-eabi/lib/armv7e-m/fpu/libc_s.a(lib_a-findfp.o)
 .ARM.attributes
                0x00000000000008d1       0x36 /usr/local/bin/gcc-arm-none-eabi/bin/../lib/gcc/arm-none-eabi/4.7.4/../../../../arm-none-eabi/lib/armv7e-m/fpu/libc_s.a(lib_a-freer.o)
 .ARM.attributes
                0x0000000000000907       0x36 /usr/local/bin/gcc-arm-none-eabi/bin/../lib/gcc/arm-none-eabi/4.7.4/../../../../arm-none-eabi/lib/armv7e-m/fpu/libc_s.a(lib_a-locale.o)
 .ARM.attributes
                0x000000000000093d       0x36 /usr/local/bin/gcc-arm-none-eabi/bin/../lib/gcc/arm-none-eabi/4.7.4/../../../../arm-none-eabi/lib/armv7e-m/fpu/libc_s.a(lib_a-makebuf.o)
 .ARM.attributes
                0x0000000000000973       0x36 /usr/local/bin/gcc-arm-none-eabi/bin/../lib/gcc/arm-none-eabi/4.7.4/../../../../arm-none-eabi/lib/armv7e-m/fpu/libc_s.a(lib_a-malloc.o)
 .ARM.attributes
                0x00000000000009a9       0x36 /usr/local/bin/gcc-arm-none-eabi/bin/../lib/gcc/arm-none-eabi/4.7.4/../../../../arm-none-eabi/lib/armv7e-m/fpu/libc_s.a(lib_a-mallocr.o)
 .ARM.attributes
                0x00000000000009df       0x36 /usr/local/bin/gcc-arm-none-eabi/bin/../lib/gcc/arm-none-eabi/4.7.4/../../../../arm-none-eabi/lib/armv7e-m/fpu/libc_s.a(lib_a-memchr.o)
 .ARM.attributes
                0x0000000000000a15       0x36 /usr/local/bin/gcc-arm-none-eabi/bin/../lib/gcc/arm-none-eabi/4.7.4/../../../../arm-none-eabi/lib/armv7e-m/fpu/libc_s.a(lib_a-mprec.o)
 .ARM.attributes
                0x0000000000000a4b       0x36 /usr/local/bin/gcc-arm-none-eabi/bin/../lib/gcc/arm-none-eabi/4.7.4/../../../../arm-none-eabi/lib/armv7e-m/fpu/libc_s.a(lib_a-reallocr.o)
 .ARM.attributes
                0x0000000000000a81       0x36 /usr/local/bin/gcc-arm-none-eabi/bin/../lib/gcc/arm-none-eabi/4.7.4/../../../../arm-none-eabi/lib/armv7e-m/fpu/libc_s.a(lib_a-s_fpclassify.o)
 .ARM.attributes
                0x0000000000000ab7       0x36 /usr/local/bin/gcc-arm-none-eabi/bin/../lib/gcc/arm-none-eabi/4.7.4/../../../../arm-none-eabi/lib/armv7e-m/fpu/libc_s.a(lib_a-sbrkr.o)
 .ARM.attributes
                0x0000000000000aed       0x36 /usr/local/bin/gcc-arm-none-eabi/bin/../lib/gcc/arm-none-eabi/4.7.4/../../../../arm-none-eabi/lib/armv7e-m/fpu/libc_s.a(lib_a-stdio.o)
 .ARM.attributes
                0x0000000000000b23       0x36 /usr/local/bin/gcc-arm-none-eabi/bin/../lib/gcc/arm-none-eabi/4.7.4/../../../../arm-none-eabi/lib/armv7e-m/fpu/libc_s.a(lib_a-svfprintf.o)
 .ARM.attributes
                0x0000000000000b59       0x36 /usr/local/bin/gcc-arm-none-eabi/bin/../lib/gcc/arm-none-eabi/4.7.4/../../../../arm-none-eabi/lib/armv7e-m/fpu/libc_s.a(lib_a-writer.o)
 .ARM.attributes
                0x0000000000000b8f       0x36 /usr/local/bin/gcc-arm-none-eabi/bin/../lib/gcc/arm-none-eabi/4.7.4/../../../../arm-none-eabi/lib/armv7e-m/fpu/libc_s.a(lib_a-callocr.o)
 .ARM.attributes
                0x0000000000000bc5       0x36 /usr/local/bin/gcc-arm-none-eabi/bin/../lib/gcc/arm-none-eabi/4.7.4/../../../../arm-none-eabi/lib/armv7e-m/fpu/libc_s.a(lib_a-closer.o)
 .ARM.attributes
                0x0000000000000bfb       0x36 /usr/local/bin/gcc-arm-none-eabi/bin/../lib/gcc/arm-none-eabi/4.7.4/../../../../arm-none-eabi/lib/armv7e-m/fpu/libc_s.a(lib_a-fstatr.o)
 .ARM.attributes
                0x0000000000000c31       0x36 /usr/local/bin/gcc-arm-none-eabi/bin/../lib/gcc/arm-none-eabi/4.7.4/../../../../arm-none-eabi/lib/armv7e-m/fpu/libc_s.a(lib_a-isattyr.o)
 .ARM.attributes
                0x0000000000000c67       0x36 /usr/local/bin/gcc-arm-none-eabi/bin/../lib/gcc/arm-none-eabi/4.7.4/../../../../arm-none-eabi/lib/armv7e-m/fpu/libc_s.a(lib_a-lseekr.o)
 .ARM.attributes
                0x0000000000000c9d       0x36 /usr/local/bin/gcc-arm-none-eabi/bin/../lib/gcc/arm-none-eabi/4.7.4/../../../../arm-none-eabi/lib/armv7e-m/fpu/libc_s.a(lib_a-msizer.o)
 .ARM.attributes
                0x0000000000000cd3       0x36 /usr/local/bin/gcc-arm-none-eabi/bin/../lib/gcc/arm-none-eabi/4.7.4/../../../../arm-none-eabi/lib/armv7e-m/fpu/libc_s.a(lib_a-readr.o)
 .ARM.attributes
                0x0000000000000d09       0x36 /usr/local/bin/gcc-arm-none-eabi/bin/../lib/gcc/arm-none-eabi/4.7.4/../../../../arm-none-eabi/lib/armv7e-m/fpu/libc_s.a(lib_a-reent.o)
 .ARM.attributes
                0x0000000000000d3f       0x24 /usr/local/bin/gcc-arm-none-eabi/bin/../lib/gcc/arm-none-eabi/4.7.4/armv7e-m/fpu/libgcc.a(_arm_cmpdf2.o)
 .ARM.attributes
                0x0000000000000d63       0x24 /usr/local/bin/gcc-arm-none-eabi/bin/../lib/gcc/arm-none-eabi/4.7.4/armv7e-m/fpu/crtn.o
OUTPUT(obj/main.elf elf32-littlearm)

.comment        0x0000000000000000       0x70
 .comment       0x0000000000000000       0x70 obj/mBus.o
                                         0x71 (size before relaxing)
 .comment       0x0000000000000000       0x71 obj/mGeneral.o
 .comment       0x0000000000000000       0x71 obj/mUSB.o
 .comment       0x0000000000000000       0x71 obj/stm32f37x_it.o
 .comment       0x0000000000000000       0x71 obj/stm32f37x_i2c_cpal.o
 .comment       0x0000000000000000       0x71 obj/stm32f37x_i2c_cpal_hal.o
 .comment       0x0000000000000000       0x71 obj/stm32f37x_dma.o
 .comment       0x0000000000000000       0x71 obj/stm32f37x_exti.o
 .comment       0x0000000000000000       0x71 obj/stm32f37x_gpio.o
 .comment       0x0000000000000000       0x71 obj/stm32f37x_i2c.o
 .comment       0x0000000000000000       0x71 obj/stm32f37x_misc.o
 .comment       0x0000000000000000       0x71 obj/stm32f37x_rcc.o
 .comment       0x0000000000000000       0x71 obj/system_stm32f37x.o
 .comment       0x0000000000000000       0x71 obj/usb_core.o
 .comment       0x0000000000000000       0x71 obj/usb_init.o
 .comment       0x0000000000000000       0x71 obj/usb_int.o
 .comment       0x0000000000000000       0x71 obj/usb_mem.o
 .comment       0x0000000000000000       0x71 obj/usb_regs.o
 .comment       0x0000000000000000       0x71 obj/usb_sil.o
 .comment       0x0000000000000000       0x71 obj/bqueue.o
 .comment       0x0000000000000000       0x71 obj/usb_iface.o
 .comment       0x0000000000000000       0x71 obj/main.o

.debug_frame    0x0000000000000000      0xbd4
 .debug_frame   0x0000000000000000       0x28 /usr/local/bin/gcc-arm-none-eabi/bin/../lib/gcc/arm-none-eabi/4.7.4/../../../../arm-none-eabi/lib/armv7e-m/fpu/libc_s.a(lib_a-memcpy.o)
 .debug_frame   0x0000000000000028       0x20 /usr/local/bin/gcc-arm-none-eabi/bin/../lib/gcc/arm-none-eabi/4.7.4/../../../../arm-none-eabi/lib/armv7e-m/fpu/libc_s.a(lib_a-memset.o)
 .debug_frame   0x0000000000000048       0x60 /usr/local/bin/gcc-arm-none-eabi/bin/../lib/gcc/arm-none-eabi/4.7.4/../../../../arm-none-eabi/lib/armv7e-m/fpu/libc_s.a(lib_a-printf.o)
 .debug_frame   0x00000000000000a8       0x30 /usr/local/bin/gcc-arm-none-eabi/bin/../lib/gcc/arm-none-eabi/4.7.4/../../../../arm-none-eabi/lib/armv7e-m/fpu/libc_s.a(lib_a-setvbuf.o)
 .debug_frame   0x00000000000000d8       0x20 /usr/local/bin/gcc-arm-none-eabi/bin/../lib/gcc/arm-none-eabi/4.7.4/../../../../arm-none-eabi/lib/armv7e-m/fpu/libc_s.a(lib_a-strlen.o)
 .debug_frame   0x00000000000000f8       0x90 /usr/local/bin/gcc-arm-none-eabi/bin/../lib/gcc/arm-none-eabi/4.7.4/../../../../arm-none-eabi/lib/armv7e-m/fpu/libc_s.a(lib_a-vfprintf.o)
 .debug_frame   0x0000000000000188       0x80 /usr/local/bin/gcc-arm-none-eabi/bin/../lib/gcc/arm-none-eabi/4.7.4/../../../../arm-none-eabi/lib/armv7e-m/fpu/libc_s.a(lib_a-vfprintf_float.o)
 .debug_frame   0x0000000000000208       0x58 /usr/local/bin/gcc-arm-none-eabi/bin/../lib/gcc/arm-none-eabi/4.7.4/../../../../arm-none-eabi/lib/armv7e-m/fpu/libc_s.a(lib_a-vfprintf_i.o)
 .debug_frame   0x0000000000000260       0x48 /usr/local/bin/gcc-arm-none-eabi/bin/../lib/gcc/arm-none-eabi/4.7.4/../../../../arm-none-eabi/lib/armv7e-m/fpu/libc_s.a(lib_a-vsprintf.o)
 .debug_frame   0x00000000000002a8       0x3c /usr/local/bin/gcc-arm-none-eabi/bin/../lib/gcc/arm-none-eabi/4.7.4/../../../../arm-none-eabi/lib/armv7e-m/fpu/libc_s.a(lib_a-wbuf.o)
 .debug_frame   0x00000000000002e4       0x2c /usr/local/bin/gcc-arm-none-eabi/bin/../lib/gcc/arm-none-eabi/4.7.4/../../../../arm-none-eabi/lib/armv7e-m/fpu/libc_s.a(lib_a-wsetup.o)
 .debug_frame   0x0000000000000310       0x64 /usr/local/bin/gcc-arm-none-eabi/bin/../lib/gcc/arm-none-eabi/4.7.4/../../../../arm-none-eabi/lib/armv7e-m/fpu/libc_s.a(lib_a-dtoa.o)
 .debug_frame   0x0000000000000374       0x40 /usr/local/bin/gcc-arm-none-eabi/bin/../lib/gcc/arm-none-eabi/4.7.4/../../../../arm-none-eabi/lib/armv7e-m/fpu/libc_s.a(lib_a-fflush.o)
 .debug_frame   0x00000000000003b4      0x130 /usr/local/bin/gcc-arm-none-eabi/bin/../lib/gcc/arm-none-eabi/4.7.4/../../../../arm-none-eabi/lib/armv7e-m/fpu/libc_s.a(lib_a-findfp.o)
 .debug_frame   0x00000000000004e4       0x2c /usr/local/bin/gcc-arm-none-eabi/bin/../lib/gcc/arm-none-eabi/4.7.4/../../../../arm-none-eabi/lib/armv7e-m/fpu/libc_s.a(lib_a-freer.o)
 .debug_frame   0x0000000000000510       0x98 /usr/local/bin/gcc-arm-none-eabi/bin/../lib/gcc/arm-none-eabi/4.7.4/../../../../arm-none-eabi/lib/armv7e-m/fpu/libc_s.a(lib_a-locale.o)
 .debug_frame   0x00000000000005a8       0x30 /usr/local/bin/gcc-arm-none-eabi/bin/../lib/gcc/arm-none-eabi/4.7.4/../../../../arm-none-eabi/lib/armv7e-m/fpu/libc_s.a(lib_a-makebuf.o)
 .debug_frame   0x00000000000005d8       0x30 /usr/local/bin/gcc-arm-none-eabi/bin/../lib/gcc/arm-none-eabi/4.7.4/../../../../arm-none-eabi/lib/armv7e-m/fpu/libc_s.a(lib_a-malloc.o)
 .debug_frame   0x0000000000000608       0x2c /usr/local/bin/gcc-arm-none-eabi/bin/../lib/gcc/arm-none-eabi/4.7.4/../../../../arm-none-eabi/lib/armv7e-m/fpu/libc_s.a(lib_a-mallocr.o)
 .debug_frame   0x0000000000000634       0x28 /usr/local/bin/gcc-arm-none-eabi/bin/../lib/gcc/arm-none-eabi/4.7.4/../../../../arm-none-eabi/lib/armv7e-m/fpu/libc_s.a(lib_a-memchr.o)
 .debug_frame   0x000000000000065c      0x23c /usr/local/bin/gcc-arm-none-eabi/bin/../lib/gcc/arm-none-eabi/4.7.4/../../../../arm-none-eabi/lib/armv7e-m/fpu/libc_s.a(lib_a-mprec.o)
 .debug_frame   0x0000000000000898       0x30 /usr/local/bin/gcc-arm-none-eabi/bin/../lib/gcc/arm-none-eabi/4.7.4/../../../../arm-none-eabi/lib/armv7e-m/fpu/libc_s.a(lib_a-reallocr.o)
 .debug_frame   0x00000000000008c8       0x20 /usr/local/bin/gcc-arm-none-eabi/bin/../lib/gcc/arm-none-eabi/4.7.4/../../../../arm-none-eabi/lib/armv7e-m/fpu/libc_s.a(lib_a-s_fpclassify.o)
 .debug_frame   0x00000000000008e8       0x2c /usr/local/bin/gcc-arm-none-eabi/bin/../lib/gcc/arm-none-eabi/4.7.4/../../../../arm-none-eabi/lib/armv7e-m/fpu/libc_s.a(lib_a-sbrkr.o)
 .debug_frame   0x0000000000000914       0x80 /usr/local/bin/gcc-arm-none-eabi/bin/../lib/gcc/arm-none-eabi/4.7.4/../../../../arm-none-eabi/lib/armv7e-m/fpu/libc_s.a(lib_a-stdio.o)
 .debug_frame   0x0000000000000994       0x88 /usr/local/bin/gcc-arm-none-eabi/bin/../lib/gcc/arm-none-eabi/4.7.4/../../../../arm-none-eabi/lib/armv7e-m/fpu/libc_s.a(lib_a-svfprintf.o)
 .debug_frame   0x0000000000000a1c       0x2c /usr/local/bin/gcc-arm-none-eabi/bin/../lib/gcc/arm-none-eabi/4.7.4/../../../../arm-none-eabi/lib/armv7e-m/fpu/libc_s.a(lib_a-writer.o)